00:29:29 **** Incremental Build of configuration Release for project assessment ****
make all 
make --no-print-directory pre-build
a9-linaro-pre-build-step
 
make --no-print-directory main-build
Building file: ../src/main.c
Invoking: ARM v7 gcc compiler
arm-none-eabi-gcc -Wall -O2 -c -fmessage-length=0 -MT"src/main.o" -mcpu=cortex-a9 -mfpu=vfpv3 -mfloat-abi=hard -I/home/tomster12/files/EMBS/vitis/zybo_design_wrapper/export/zybo_design_wrapper/sw/zybo_design_wrapper/freertos10_xilinx_ps7_cortexa9_0/bspinclude/include -MMD -MP -MF"src/main.d" -MT"src/main.o" -o "src/main.o" "../src/main.c"
../src/main.c: In function 'perform_pathfinding':
../src/main.c:447:29: warning: cast from pointer to integer of different size [-Wpointer-to-int-cast]
  447 |     XToplevel_Set_ram(&hls, (u64) ram);
      |                             ^
Finished building: ../src/main.c
 
Building target: assessment.elf
Invoking: ARM v7 gcc linker
arm-none-eabi-gcc -mcpu=cortex-a9 -mfpu=vfpv3 -mfloat-abi=hard -Wl,-build-id=none -specs=Xilinx.spec -Wl,-T -Wl,../src/lscript.ld -L/home/tomster12/files/EMBS/vitis/zybo_design_wrapper/export/zybo_design_wrapper/sw/zybo_design_wrapper/freertos10_xilinx_ps7_cortexa9_0/bsplib/lib -o "assessment.elf" ./src/zybo_z7_hdmi/display_ctrl.o ./src/zybo_z7_hdmi/dynclk.o  ./src/main.o   -Wl,--start-group,-lxil,-lfreertos,-lgcc,-lc,--end-group -Wl,--start-group,-lxil,-llwip4,-lgcc,-lc,--end-group
Finished building target: assessment.elf
 
Invoking: ARM v7 Print Size
arm-none-eabi-size assessment.elf  |tee "assessment.elf.size"
   text	   data	    bss	    dec	    hex	filename
 189288	   3544	12638256	12831088	 c3c970	assessment.elf
Finished building: assessment.elf.size
 

00:29:29 Build Finished (took 670ms)

