

================================================================
== Vitis HLS Report for 'a_star_len'
================================================================
* Date:           Tue May  6 00:57:42 2025

* Version:        2020.2 (Build 3064766 on Wed Nov 18 09:12:47 MST 2020)
* Project:        assessment
* Solution:       solution1 (Vivado IP Flow Target)
* Product family: zynq
* Target device:  xc7z010-clg400-1


================================================================
== Performance Estimates
================================================================
+ Timing: 
    * Summary: 
    +--------+----------+----------+------------+
    |  Clock |  Target  | Estimated| Uncertainty|
    +--------+----------+----------+------------+
    |ap_clk  |  10.00 ns|  7.271 ns|     2.70 ns|
    +--------+----------+----------+------------+

+ Latency: 
    * Summary: 
    +---------+---------+----------+----------+-----+-----+---------+
    |  Latency (cycles) |  Latency (absolute) |  Interval | Pipeline|
    |   min   |   max   |    min   |    max   | min | max |   Type  |
    +---------+---------+----------+----------+-----+-----+---------+
    |        ?|        ?|         ?|         ?|    ?|    ?|     none|
    +---------+---------+----------+----------+-----+-----+---------+

    + Detail: 
        * Instance: 
        N/A

        * Loop: 
        +---------------------------+---------+---------+----------+-----------+-----------+-------+----------+
        |                           |  Latency (cycles) | Iteration|  Initiation Interval  |  Trip |          |
        |         Loop Name         |   min   |   max   |  Latency |  achieved |   target  | Count | Pipelined|
        +---------------------------+---------+---------+----------+-----------+-----------+-------+----------+
        |- Loop 1                   |     7813|     7813|         1|          1|          1|   7813|       yes|
        |- Loop 2                   |     8192|     8192|         1|          1|          1|   8192|       yes|
        |- AS_SEARCH_LOOP           |        ?|        ?|         ?|          -|          -|      ?|        no|
        | + AS_SEARCH_LOOP          |        ?|        ?|         ?|          -|          -|      ?|        no|
        |  ++ SIFT_DOWN_LOOP        |        ?|        ?|         6|          6|          1|      ?|       yes|
        | + EXPLORE_NEIGHBORS_LOOP  |        ?|        ?|         ?|          -|          -|  1 ~ 4|        no|
        |  ++ SIFT_UP_LOOP          |        ?|        ?|         5|          4|          1|      ?|       yes|
        +---------------------------+---------+---------+----------+-----------+-----------+-------+----------+



================================================================
== Utilization Estimates
================================================================
* Summary: 
+-----------------+---------+----+-------+-------+-----+
|       Name      | BRAM_18K| DSP|   FF  |  LUT  | URAM|
+-----------------+---------+----+-------+-------+-----+
|DSP              |        -|   2|      -|      -|    -|
|Expression       |        -|   -|      0|   1450|    -|
|FIFO             |        -|   -|      -|      -|    -|
|Instance         |        -|   0|    165|     90|    -|
|Memory           |       48|   -|      0|      0|    -|
|Multiplexer      |        -|   -|      -|    848|    -|
|Register         |        -|   -|   1051|      -|    -|
+-----------------+---------+----+-------+-------+-----+
|Total            |       48|   2|   1216|   2388|    0|
+-----------------+---------+----+-------+-------+-----+
|Available        |      120|  80|  35200|  17600|    0|
+-----------------+---------+----+-------+-------+-----+
|Utilization (%)  |       40|   2|      3|     13|    0|
+-----------------+---------+----+-------+-------+-----+

+ Detail: 
    * Instance: 
    +-----------------------+--------------------+---------+----+-----+----+-----+
    |        Instance       |       Module       | BRAM_18K| DSP|  FF | LUT| URAM|
    +-----------------------+--------------------+---------+----+-----+----+-----+
    |mul_32s_32s_32_2_1_U1  |mul_32s_32s_32_2_1  |        0|   0|  165|  50|    0|
    |mux_42_32_1_1_U2       |mux_42_32_1_1       |        0|   0|    0|  20|    0|
    |mux_42_32_1_1_U3       |mux_42_32_1_1       |        0|   0|    0|  20|    0|
    +-----------------------+--------------------+---------+----+-----+----+-----+
    |Total                  |                    |        0|   0|  165|  90|    0|
    +-----------------------+--------------------+---------+----+-----+----+-----+

    * DSP: 
    +------------------------------------+---------------------------------+--------------+
    |              Instance              |              Module             |  Expression  |
    +------------------------------------+---------------------------------+--------------+
    |mac_muladd_18s_16ns_16ns_18_4_1_U4  |mac_muladd_18s_16ns_16ns_18_4_1  |  i0 * i1 + i2|
    |mac_muladd_18s_16ns_16ns_18_4_1_U5  |mac_muladd_18s_16ns_16ns_18_4_1  |  i0 * i1 + i2|
    +------------------------------------+---------------------------------+--------------+

    * Memory: 
    +-------------------------+----------------------------------+---------+---+----+-----+------+-----+------+-------------+
    |          Memory         |              Module              | BRAM_18K| FF| LUT| URAM| Words| Bits| Banks| W*Bits*Banks|
    +-------------------------+----------------------------------+---------+---+----+-----+------+-----+------+-------------+
    |closed_set_U             |a_star_len_closed_set             |       16|  0|   0|    0|  7813|   32|     1|       250016|
    |open_set_heap_f_score_U  |a_star_len_open_set_heap_f_score  |        8|  0|   0|    0|  8192|   16|     1|       131072|
    |open_set_heap_g_score_U  |a_star_len_open_set_heap_f_score  |        8|  0|   0|    0|  8192|   16|     1|       131072|
    |open_set_heap_x_U        |a_star_len_open_set_heap_f_score  |        8|  0|   0|    0|  8192|   16|     1|       131072|
    |open_set_heap_y_U        |a_star_len_open_set_heap_f_score  |        8|  0|   0|    0|  8192|   16|     1|       131072|
    +-------------------------+----------------------------------+---------+---+----+-----+------+-----+------+-------------+
    |Total                    |                                  |       48|  0|   0|    0| 40581|   96|     5|       774304|
    +-------------------------+----------------------------------+---------+---+----+-----+------+-----+------+-------------+

    * FIFO: 
    N/A

    * Expression: 
    +---------------------------------+----------+----+---+-----+------------+------------+
    |          Variable Name          | Operation| DSP| FF| LUT | Bitwidth P0| Bitwidth P1|
    +---------------------------------+----------+----+---+-----+------------+------------+
    |add_ln111_fu_1342_p2             |         +|   0|  0|   24|          17|           2|
    |add_ln133_fu_1302_p2             |         +|   0|  0|   39|          32|           1|
    |add_ln144_fu_848_p2              |         +|   0|  0|   39|          32|           2|
    |add_ln187_fu_1045_p2             |         +|   0|  0|   11|           3|           1|
    |add_ln201_fu_1261_p2             |         +|   0|  0|   16|          16|          16|
    |add_ln214_fu_880_p2              |         +|   0|  0|   39|          32|           9|
    |add_ln46_fu_1175_p2              |         +|   0|  0|   14|          13|           4|
    |empty_30_fu_713_p2               |         +|   0|  0|   14|          13|           1|
    |empty_33_fu_730_p2               |         +|   0|  0|   17|          14|           1|
    |h_start_fu_790_p2                |         +|   0|  0|   23|          16|          16|
    |iteration_count_1_fu_831_p2      |         +|   0|  0|   39|          32|           1|
    |n_f_score_fu_1266_p2             |         +|   0|  0|   16|          16|          16|
    |n_g_score_tentative_fu_1032_p2   |         +|   0|  0|   23|          16|           1|
    |n_x_fu_1109_p2                   |         +|   0|  0|   23|          16|          16|
    |n_y_fu_1118_p2                   |         +|   0|  0|   23|          16|          16|
    |right_fu_906_p2                  |         +|   0|  0|   23|          16|           2|
    |sub_ln111_1_fu_1355_p2           |         -|   0|  0|   23|           1|          16|
    |sub_ln111_fu_1326_p2             |         -|   0|  0|   24|           1|          17|
    |sub_ln70_1_fu_758_p2             |         -|   0|  0|   23|          16|          16|
    |sub_ln70_2_fu_774_p2             |         -|   0|  0|   23|          16|          16|
    |sub_ln70_3_fu_778_p2             |         -|   0|  0|   23|          16|          16|
    |sub_ln70_4_fu_1225_p2            |         -|   0|  0|   23|          16|          16|
    |sub_ln70_5_fu_1229_p2            |         -|   0|  0|   23|          16|          16|
    |sub_ln70_6_fu_1245_p2            |         -|   0|  0|   23|          16|          16|
    |sub_ln70_7_fu_1249_p2            |         -|   0|  0|   23|          16|          16|
    |sub_ln70_fu_754_p2               |         -|   0|  0|   23|          16|          16|
    |and_ln170_fu_843_p2              |       and|   0|  0|    2|           1|           1|
    |and_ln176_fu_969_p2              |       and|   0|  0|    2|           1|           1|
    |and_ln179_fu_1004_p2             |       and|   0|  0|   32|          32|          32|
    |and_ln190_1_fu_1057_p2           |       and|   0|  0|    2|           1|           1|
    |and_ln190_fu_1086_p2             |       and|   0|  0|    2|           1|           1|
    |and_ln194_fu_1194_p2             |       and|   0|  0|   32|          32|          32|
    |and_ln195_fu_1210_p2             |       and|   0|  0|   32|          32|          32|
    |cmp29_fu_1022_p2                 |      icmp|   0|  0|   13|          16|           1|
    |cmp33_fu_1027_p2                 |      icmp|   0|  0|   13|          16|           1|
    |cmp8_fu_826_p2                   |      icmp|   0|  0|   18|          32|          32|
    |exitcond15_fu_736_p2             |      icmp|   0|  0|   12|          14|          15|
    |exitcond7016_fu_719_p2           |      icmp|   0|  0|   12|          13|          10|
    |grp_fu_684_p2                    |      icmp|   0|  0|   13|          16|          16|
    |icmp_ln107_fu_1316_p2            |      icmp|   0|  0|   13|          16|           1|
    |icmp_ln126_fu_1282_p2            |      icmp|   0|  0|   13|          19|           1|
    |icmp_ln165_fu_800_p2             |      icmp|   0|  0|   18|          32|           1|
    |icmp_ln170_fu_837_p2             |      icmp|   0|  0|   18|          32|           1|
    |icmp_ln176_1_fu_965_p2           |      icmp|   0|  0|   13|          16|          16|
    |icmp_ln176_fu_961_p2             |      icmp|   0|  0|   13|          16|          16|
    |icmp_ln179_fu_1010_p2            |      icmp|   0|  0|   18|          32|           1|
    |icmp_ln190_1_fu_1080_p2          |      icmp|   0|  0|    8|           3|           1|
    |icmp_ln190_fu_1051_p2            |      icmp|   0|  0|    8|           3|           2|
    |icmp_ln193_1_fu_1136_p2          |      icmp|   0|  0|   18|          32|          32|
    |icmp_ln193_fu_1127_p2            |      icmp|   0|  0|   18|          32|          32|
    |icmp_ln194_fu_1200_p2            |      icmp|   0|  0|   18|          32|           1|
    |icmp_ln195_fu_1215_p2            |      icmp|   0|  0|   18|          32|           1|
    |icmp_ln213_fu_862_p2             |      icmp|   0|  0|   18|          32|           1|
    |icmp_ln70_1_fu_770_p2            |      icmp|   0|  0|   13|          16|          16|
    |icmp_ln70_2_fu_1221_p2           |      icmp|   0|  0|   13|          16|          16|
    |icmp_ln70_3_fu_1241_p2           |      icmp|   0|  0|   13|          16|          16|
    |icmp_ln70_fu_750_p2              |      icmp|   0|  0|   13|          16|          16|
    |icmp_ln92_1_fu_931_p2            |      icmp|   0|  0|   13|          16|          16|
    |icmp_ln92_fu_916_p2              |      icmp|   0|  0|   18|          32|          32|
    |icmp_ln93_fu_940_p2              |      icmp|   0|  0|   18|          32|          32|
    |ap_predicate_tran33to36_state33  |        or|   0|  0|    2|           1|           1|
    |left_fu_900_p2                   |        or|   0|  0|   16|          16|           1|
    |or_ln193_fu_1154_p2              |        or|   0|  0|    2|           1|           1|
    |or_ln64_fu_1016_p2               |        or|   0|  0|   32|          32|          32|
    |parent_fu_1370_p3                |    select|   0|  0|   16|           1|          16|
    |select_ln70_1_fu_782_p3          |    select|   0|  0|   16|           1|          16|
    |select_ln70_2_fu_1233_p3         |    select|   0|  0|   16|           1|          16|
    |select_ln70_3_fu_1253_p3         |    select|   0|  0|   16|           1|          16|
    |select_ln70_fu_762_p3            |    select|   0|  0|   16|           1|          16|
    |shl_ln179_fu_998_p2              |       shl|   0|  0|  100|           1|          32|
    |shl_ln194_fu_1188_p2             |       shl|   0|  0|  100|           1|          32|
    |ap_enable_pp3                    |       xor|   0|  0|    2|           1|           2|
    |xor_ln193_1_fu_1149_p2           |       xor|   0|  0|    2|           1|           2|
    |xor_ln193_fu_1144_p2             |       xor|   0|  0|    2|           1|           2|
    +---------------------------------+----------+----+---+-----+------------+------------+
    |Total                            |          |   0|  0| 1450|        1170|         877|
    +---------------------------------+----------+----+---+-----+------------+------------+

    * Multiplexer: 
    +---------------------------------------+-----+-----------+-----+-----------+
    |                  Name                 | LUT | Input Size| Bits| Total Bits|
    +---------------------------------------+-----+-----------+-----+-----------+
    |ap_NS_fsm                              |  181|         41|    1|         41|
    |ap_enable_reg_pp3_iter1                |    9|          2|    1|          2|
    |ap_phi_mux_idx_assign_2_phi_fu_621_p4  |    9|          2|   16|         32|
    |ap_return                              |    9|          2|   16|         32|
    |closed_set_address0                    |   25|          5|   13|         65|
    |closed_set_d0                          |   14|          3|   32|         96|
    |empty_32_reg_539                       |    9|          2|   14|         28|
    |empty_35_reg_550                       |    9|          2|   32|         64|
    |empty_36_reg_574                       |    9|          2|   32|         64|
    |empty_37_reg_607                       |    9|          2|   32|         64|
    |empty_39_reg_628                       |   14|          3|   32|         96|
    |empty_reg_528                          |    9|          2|   13|         26|
    |error_flag_o                           |   25|          5|   32|        160|
    |i_reg_596                              |    9|          2|    3|          6|
    |idx_assign_2_reg_618                   |    9|          2|   16|         32|
    |iteration_count_reg_562                |    9|          2|   32|         64|
    |open_set_heap_f_score_address0         |   42|          8|   13|        104|
    |open_set_heap_f_score_address1         |   48|          9|   13|        117|
    |open_set_heap_f_score_d0               |   25|          5|   16|         80|
    |open_set_heap_f_score_d1               |   14|          3|   16|         48|
    |open_set_heap_g_score_address0         |   37|          7|   13|         91|
    |open_set_heap_g_score_address1         |   31|          6|   13|         78|
    |open_set_heap_g_score_d0               |   20|          4|   16|         64|
    |open_set_heap_g_score_d1               |   20|          4|   16|         64|
    |open_set_heap_x_address0               |   37|          7|   13|         91|
    |open_set_heap_x_address1               |   31|          6|   13|         78|
    |open_set_heap_x_d0                     |   25|          5|   16|         80|
    |open_set_heap_x_d1                     |   20|          4|   16|         64|
    |open_set_heap_y_address0               |   37|          7|   13|         91|
    |open_set_heap_y_address1               |   31|          6|   13|         78|
    |open_set_heap_y_d0                     |   25|          5|   16|         80|
    |open_set_heap_y_d1                     |   20|          4|   16|         64|
    |retval_0_reg_661                       |    9|          2|   16|         32|
    |smallest_in_in_reg_652                 |    9|          2|   16|         32|
    |smallest_reg_584                       |    9|          2|   15|         30|
    +---------------------------------------+-----+-----------+-----+-----------+
    |Total                                  |  848|        175|  596|       2238|
    +---------------------------------------+-----+-----------+-----+-----------+

    * Register: 
    +----------------------------------------+----+----+-----+-----------+
    |                  Name                  | FF | LUT| Bits| Const Bits|
    +----------------------------------------+----+----+-----+-----------+
    |add_ln133_reg_1762                      |  32|   0|   32|          0|
    |add_ln144_reg_1512                      |  32|   0|   32|          0|
    |add_ln187_reg_1668                      |   3|   0|    3|          0|
    |ap_CS_fsm                               |  40|   0|   40|          0|
    |ap_enable_reg_pp3_iter0                 |   1|   0|    1|          0|
    |ap_enable_reg_pp3_iter1                 |   1|   0|    1|          0|
    |ap_return_preg                          |  16|   0|   16|          0|
    |bit_idx_1_reg_1720                      |   5|   0|    5|          0|
    |bit_idx_reg_1631                        |   5|   0|    5|          0|
    |closed_set_addr_1_reg_1636              |  13|   0|   13|          0|
    |cmp29_reg_1649                          |   1|   0|    1|          0|
    |cmp33_reg_1654                          |   1|   0|    1|          0|
    |cmp8_reg_1499                           |   1|   0|    1|          0|
    |current_x_reg_1557                      |  16|   0|   16|          0|
    |current_y_reg_1549                      |  16|   0|   16|          0|
    |empty_32_reg_539                        |  14|   0|   14|          0|
    |empty_35_reg_550                        |  32|   0|   32|          0|
    |empty_36_reg_574                        |  32|   0|   32|          0|
    |empty_37_reg_607                        |  32|   0|   32|          0|
    |empty_39_reg_628                        |  32|   0|   32|          0|
    |empty_reg_528                           |  13|   0|   13|          0|
    |h_start_reg_1477                        |  16|   0|   16|          0|
    |i_reg_596                               |   3|   0|    3|          0|
    |icmp_ln107_reg_1772                     |   1|   0|    1|          0|
    |icmp_ln112_reg_1816                     |   1|   0|    1|          0|
    |icmp_ln193_1_reg_1702                   |   1|   0|    1|          0|
    |icmp_ln193_reg_1697                     |   1|   0|    1|          0|
    |icmp_ln194_reg_1741                     |   1|   0|    1|          0|
    |icmp_ln195_reg_1750                     |   1|   0|    1|          0|
    |icmp_ln92_1_reg_1591                    |   1|   0|    1|          0|
    |icmp_ln92_reg_1577                      |   1|   0|    1|          0|
    |icmp_ln93_1_reg_1609                    |   1|   0|    1|          0|
    |icmp_ln93_reg_1595                      |   1|   0|    1|          0|
    |idx_assign_2_reg_618                    |  16|   0|   16|          0|
    |iteration_count_1_reg_1504              |  32|   0|   32|          0|
    |iteration_count_reg_562                 |  32|   0|   32|          0|
    |iteration_limit_reg_1494                |  31|   0|   32|          1|
    |left_reg_1565                           |  15|   0|   16|          1|
    |n_f_score_reg_1754                      |  16|   0|   16|          0|
    |n_g_score_tentative_reg_1659            |  16|   0|   16|          0|
    |n_x_reg_1679                            |  16|   0|   16|          0|
    |n_y_reg_1688                            |  16|   0|   16|          0|
    |open_set_heap_f_score_addr_10_reg_1811  |  13|   0|   13|          0|
    |open_set_heap_f_score_addr_6_reg_1843   |  13|   0|   13|          0|
    |open_set_heap_f_score_addr_9_reg_1798   |  13|   0|   13|          0|
    |open_set_heap_g_score_addr_2_reg_1848   |  13|   0|   13|          0|
    |open_set_heap_g_score_addr_5_reg_1820   |  13|   0|   13|          0|
    |open_set_heap_g_score_load_reg_1543     |  16|   0|   16|          0|
    |open_set_heap_x_addr_2_reg_1853         |  13|   0|   13|          0|
    |open_set_heap_x_addr_5_reg_1826         |  13|   0|   13|          0|
    |open_set_heap_y_addr_2_reg_1858         |  13|   0|   13|          0|
    |open_set_heap_y_addr_5_reg_1832         |  13|   0|   13|          0|
    |or_ln64_reg_1644                        |  32|   0|   32|          0|
    |parent_reg_1786                         |  16|   0|   16|          0|
    |reg_690                                 |  16|   0|   16|          0|
    |reg_695                                 |  16|   0|   16|          0|
    |reg_701                                 |  16|   0|   16|          0|
    |reg_707                                 |  16|   0|   16|          0|
    |retval_0_reg_661                        |  16|   0|   16|          0|
    |right_reg_1570                          |  15|   0|   16|          1|
    |shl_ln194_reg_1736                      |  32|   0|   32|          0|
    |smallest_1_reg_1838                     |  15|   0|   15|          0|
    |smallest_in_in_reg_652                  |  16|   0|   16|          0|
    |smallest_reg_584                        |  15|   0|   15|          0|
    |trunc_ln111_1_reg_1781                  |  16|   0|   16|          0|
    |trunc_ln52_reg_1488                     |  18|   0|   18|          0|
    |trunc_ln93_reg_1613                     |  13|   0|   13|          0|
    |word_idx_1_reg_1725                     |  13|   0|   13|          0|
    |zext_ln111_reg_1776                     |  16|   0|   17|          1|
    |zext_ln112_1_reg_1804                   |  16|   0|   64|         48|
    |zext_ln112_reg_1791                     |  16|   0|   64|         48|
    |zext_ln176_reg_1618                     |  16|   0|   18|          2|
    |zext_ln193_2_reg_1707                   |  16|   0|   18|          2|
    +----------------------------------------+----+----+-----+-----------+
    |Total                                   |1051|   0| 1155|        104|
    +----------------------------------------+----+----+-----+-----------+



================================================================
== Interface
================================================================
* Summary: 
+---------------------+-----+-----+------------+--------------+--------------+
|      RTL Ports      | Dir | Bits|  Protocol  | Source Object|    C Type    |
+---------------------+-----+-----+------------+--------------+--------------+
|ap_clk               |   in|    1|  ap_ctrl_hs|    a_star_len|  return value|
|ap_rst               |   in|    1|  ap_ctrl_hs|    a_star_len|  return value|
|ap_start             |   in|    1|  ap_ctrl_hs|    a_star_len|  return value|
|ap_done              |  out|    1|  ap_ctrl_hs|    a_star_len|  return value|
|ap_idle              |  out|    1|  ap_ctrl_hs|    a_star_len|  return value|
|ap_ready             |  out|    1|  ap_ctrl_hs|    a_star_len|  return value|
|ap_return            |  out|   16|  ap_ctrl_hs|    a_star_len|  return value|
|start_x              |   in|   16|     ap_none|       start_x|        scalar|
|start_y              |   in|   16|     ap_none|       start_y|        scalar|
|goal_x               |   in|   16|     ap_none|        goal_x|        scalar|
|goal_y               |   in|   16|     ap_none|        goal_y|        scalar|
|error_flag_i         |   in|   32|     ap_ovld|    error_flag|       pointer|
|error_flag_o         |  out|   32|     ap_ovld|    error_flag|       pointer|
|error_flag_o_ap_vld  |  out|    1|     ap_ovld|    error_flag|       pointer|
|world_size           |   in|   32|     ap_none|    world_size|       pointer|
|local_ram_address0   |  out|   13|   ap_memory|     local_ram|         array|
|local_ram_ce0        |  out|    1|   ap_memory|     local_ram|         array|
|local_ram_q0         |   in|   32|   ap_memory|     local_ram|         array|
+---------------------+-----+-----+------------+--------------+--------------+

