

================================================================
== Synthesis Summary Report of 'toplevel'
================================================================
+ General Information: 
    * Date:           Thu May  8 00:51:09 2025
    * Version:        2020.2 (Build 3064766 on Wed Nov 18 09:12:47 MST 2020)
    * Project:        assessment
    * Solution:       solution1 (Vivado IP Flow Target)
    * Product family: zynq
    * Target device:  xc7z010-clg400-1
    

+ Performance & Resource Estimates: 
    
    PS: '+' for module; 'o' for loop; '*' for dataflow
    +----------------------------+--------+-------+---------+-----------+----------+---------+------+----------+-----------+--------+------------+-------------+-----+
    |           Modules          |  Issue |       | Latency |  Latency  | Iteration|         | Trip |          |           |        |            |             |     |
    |           & Loops          |  Type  | Slack | (cycles)|    (ns)   |  Latency | Interval| Count| Pipelined|   BRAM    |   DSP  |     FF     |     LUT     | URAM|
    +----------------------------+--------+-------+---------+-----------+----------+---------+------+----------+-----------+--------+------------+-------------+-----+
    |+ toplevel                  |  Timing|   0.71|        -|          -|         -|        -|     -|        no|  114 (95%)|  4 (5%)|  4229 (12%)|  12507 (71%)|    -|
    | + grp_os_heap_pop_fu_566   |       -|  -0.58|      104|  1.040e+03|         -|      104|     -|        no|          -|       -|   1518 (4%)|   4514 (25%)|    -|
    |  o SIFT_DOWN_COPY_LOOP     |       -|  -7.30|       32|    320.000|         2|        -|    16|        no|          -|       -|           -|            -|    -|
    | + grp_os_heap_push_fu_580  |       -|  -1.62|       90|    900.000|         -|       90|     -|        no|          -|       -|    809 (2%)|   3818 (21%)|    -|
    |  o SIFT_UP_COPY_LOOP       |       -|  -7.30|       32|    320.000|         2|        -|    16|        no|          -|       -|           -|            -|    -|
    | o COPY_RAM_LOOP            |       -|  -7.30|     7831|  7.831e+04|         3|        1|  7830|       yes|          -|       -|           -|            -|    -|
    | o WAYPOINT_EXTRACT_LOOP    |       -|  -7.30|        -|          -|         2|        1|     -|       yes|          -|       -|           -|            -|    -|
    | o WAYPOINT_LOOP            |       -|  -7.30|        -|          -|         -|        -|     -|        no|          -|       -|           -|            -|    -|
    |  o EMPTY_CLOSED_SET_LOOP   |       -|  -7.30|     7813|  7.813e+04|         1|        1|  7813|       yes|          -|       -|           -|            -|    -|
    |  o AS_SEARCH_LOOP          |       -|  -7.30|        -|          -|       503|        -|     -|        no|          -|       -|           -|            -|    -|
    +----------------------------+--------+-------+---------+-----------+----------+---------+------+----------+-----------+--------+------------+-------------+-----+

