

================================================================
== Synthesis Summary Report of 'toplevel'
================================================================
+ General Information: 
    * Date:           Wed May  7 17:36:14 2025
    * Version:        2020.2 (Build 3064766 on Wed Nov 18 09:12:47 MST 2020)
    * Project:        assessment
    * Solution:       solution1 (Vivado IP Flow Target)
    * Product family: zynq
    * Target device:  xc7z010-clg400-1
    

+ Performance & Resource Estimates: 
    
    PS: '+' for module; 'o' for loop; '*' for dataflow
    +-----------------------------+--------+-------+---------+-----------+----------+---------+-------+----------+------------+--------+------------+------------+-----+
    |           Modules           |  Issue |       | Latency |  Latency  | Iteration|         |  Trip |          |            |        |            |            |     |
    |           & Loops           |  Type  | Slack | (cycles)|    (ns)   |  Latency | Interval| Count | Pipelined|    BRAM    |   DSP  |     FF     |     LUT    | URAM|
    +-----------------------------+--------+-------+---------+-----------+----------+---------+-------+----------+------------+--------+------------+------------+-----+
    |+ toplevel                   |  Timing|   0.91|        -|          -|         -|        -|      -|        no|  290 (241%)|  4 (5%)|  4765 (13%)|  7727 (43%)|    -|
    | + grp_a_star_len_fu_372     |  Timing|   0.91|        -|          -|         -|        -|      -|        no|  272 (226%)|  3 (3%)|  3565 (10%)|  6240 (35%)|    -|
    |  o Loop 1                   |       -|  -7.30|     7813|  7.813e+04|         1|        1|   7813|       yes|           -|       -|           -|           -|    -|
    |  o Loop 2                   |       -|  -7.30|    40000|  4.000e+05|         1|        1|  40000|       yes|           -|       -|           -|           -|    -|
    |  o AS_SEARCH_LOOP           |       -|  -7.30|        -|          -|         -|        -|      -|        no|           -|       -|           -|           -|    -|
    |   o AS_SEARCH_LOOP          |      II|  -7.30|        -|          -|        65|       64|      -|       yes|           -|       -|           -|           -|    -|
    |   o EXPLORE_NEIGHBORS_LOOP  |       -|  -7.30|      209|  2.090e+03|        50|        -|      4|        no|           -|       -|           -|           -|    -|
    |    o SIFT_UP_LOOP           |      II|  -7.30|       34|    340.000|         3|        2|     16|       yes|           -|       -|           -|           -|    -|
    | o COPY_LOOP                 |       -|  -7.30|     7832|  7.832e+04|         3|        1|   7831|       yes|           -|       -|           -|           -|    -|
    | o WAYPOINT_EXTRACT_LOOP     |       -|  -7.30|        -|          -|         2|        1|      -|       yes|           -|       -|           -|           -|    -|
    | o PATHFINDING_LOOP          |       -|  -7.30|        -|          -|         -|        -|      -|        no|           -|       -|           -|           -|    -|
    +-----------------------------+--------+-------+---------+-----------+----------+---------+-------+----------+------------+--------+------------+------------+-----+

