

================================================================
== Synthesis Summary Report of 'toplevel'
================================================================
+ General Information: 
    * Date:           Tue May  6 00:57:43 2025
    * Version:        2020.2 (Build 3064766 on Wed Nov 18 09:12:47 MST 2020)
    * Project:        assessment
    * Solution:       solution1 (Vivado IP Flow Target)
    * Product family: zynq
    * Target device:  xc7z010-clg400-1
    

+ Performance & Resource Estimates: 
    
    PS: '+' for module; 'o' for loop; '*' for dataflow
    +-----------------------------+--------+-------+---------+-----------+----------+---------+------+----------+----------+--------+-----------+------------+-----+
    |           Modules           |  Issue |       | Latency |  Latency  | Iteration|         | Trip |          |          |        |           |            |     |
    |           & Loops           |  Type  | Slack | (cycles)|    (ns)   |  Latency | Interval| Count| Pipelined|   BRAM   |   DSP  |     FF    |     LUT    | URAM|
    +-----------------------------+--------+-------+---------+-----------+----------+---------+------+----------+----------+--------+-----------+------------+-----+
    |+ toplevel                   |  Timing|   0.00|        -|          -|         -|        -|     -|        no|  66 (55%)|  3 (3%)|  2487 (7%)|  3996 (22%)|    -|
    | + grp_a_star_len_fu_370     |       -|  -0.03|        -|          -|         -|        -|     -|        no|  48 (40%)|  2 (2%)|  1216 (3%)|  2388 (13%)|    -|
    |  o Loop 1                   |       -|  -7.30|     7813|  7.813e+04|         1|        1|  7813|       yes|         -|       -|          -|           -|    -|
    |  o Loop 2                   |       -|  -7.30|     8192|  8.192e+04|         1|        1|  8192|       yes|         -|       -|          -|           -|    -|
    |  o AS_SEARCH_LOOP           |       -|  -7.30|        -|          -|         -|        -|     -|        no|         -|       -|          -|           -|    -|
    |   o AS_SEARCH_LOOP          |       -|  -7.30|        -|          -|         -|        -|     -|        no|         -|       -|          -|           -|    -|
    |    o SIFT_DOWN_LOOP         |      II|  -7.30|        -|          -|         6|        6|     -|       yes|         -|       -|          -|           -|    -|
    |   o EXPLORE_NEIGHBORS_LOOP  |       -|  -7.30|        -|          -|         -|        -|     -|        no|         -|       -|          -|           -|    -|
    |    o SIFT_UP_LOOP           |      II|  -7.30|        -|          -|         5|        4|     -|       yes|         -|       -|          -|           -|    -|
    | o Loop 1                    |       -|  -7.30|     7828|  7.828e+04|         3|        1|  7827|       yes|         -|       -|          -|           -|    -|
    | o WAYPOINT_EXTRACT_LOOP     |       -|  -7.30|        -|          -|         2|        1|     -|       yes|         -|       -|          -|           -|    -|
    | o PATHFINDING_LOOP          |       -|  -7.30|        -|          -|         -|        -|     -|        no|         -|       -|          -|           -|    -|
    +-----------------------------+--------+-------+---------+-----------+----------+---------+------+----------+----------+--------+-----------+------------+-----+

