

================================================================
== Vitis HLS Report for 'os_heap_pop'
================================================================
* Date:           Thu May  8 00:51:06 2025

* Version:        2020.2 (Build 3064766 on Wed Nov 18 09:12:47 MST 2020)
* Project:        assessment
* Solution:       solution1 (Vivado IP Flow Target)
* Product family: zynq
* Target device:  xc7z010-clg400-1


================================================================
== Performance Estimates
================================================================
+ Timing: 
    * Summary: 
    +--------+----------+----------+------------+
    |  Clock |  Target  | Estimated| Uncertainty|
    +--------+----------+----------+------------+
    |ap_clk  |  10.00 ns|  6.718 ns|     2.70 ns|
    +--------+----------+----------+------------+

+ Latency: 
    * Summary: 
    +---------+---------+-----------+----------+-----+-----+---------+
    |  Latency (cycles) |  Latency (absolute)  |  Interval | Pipeline|
    |   min   |   max   |    min    |    max   | min | max |   Type  |
    +---------+---------+-----------+----------+-----+-----+---------+
    |        2|      104|  20.000 ns|  1.040 us|    2|  104|     none|
    +---------+---------+-----------+----------+-----+-----+---------+

    + Detail: 
        * Instance: 
        N/A

        * Loop: 
        +-----------------------+---------+---------+----------+-----------+-----------+--------+----------+
        |                       |  Latency (cycles) | Iteration|  Initiation Interval  |  Trip  |          |
        |       Loop Name       |   min   |   max   |  Latency |  achieved |   target  |  Count | Pipelined|
        +-----------------------+---------+---------+----------+-----------+-----------+--------+----------+
        |- SIFT_DOWN_COPY_LOOP  |        2|       32|         2|          -|          -|  1 ~ 16|        no|
        +-----------------------+---------+---------+----------+-----------+-----------+--------+----------+



================================================================
== Utilization Estimates
================================================================
* Summary: 
+-----------------+---------+----+-------+-------+-----+
|       Name      | BRAM_18K| DSP|   FF  |  LUT  | URAM|
+-----------------+---------+----+-------+-------+-----+
|DSP              |        -|   -|      -|      -|    -|
|Expression       |        -|   -|      0|   1831|    -|
|FIFO             |        -|   -|      -|      -|    -|
|Instance         |        -|   -|      -|      -|    -|
|Memory           |        0|   -|    110|     16|    -|
|Multiplexer      |        -|   -|      -|   2667|    -|
|Register         |        -|   -|   1408|      -|    -|
+-----------------+---------+----+-------+-------+-----+
|Total            |        0|   0|   1518|   4514|    0|
+-----------------+---------+----+-------+-------+-----+
|Available        |      120|  80|  35200|  17600|    0|
+-----------------+---------+----+-------+-------+-----+
|Utilization (%)  |        0|   0|      4|     25|    0|
+-----------------+---------+----+-------+-------+-----+

+ Detail: 
    * Instance: 
    N/A

    * DSP: 
    N/A

    * Memory: 
    +------------------------+-----------------------------------+---------+----+----+-----+------+-----+------+-------------+
    |         Memory         |               Module              | BRAM_18K| FF | LUT| URAM| Words| Bits| Banks| W*Bits*Banks|
    +------------------------+-----------------------------------+---------+----+----+-----+------+-----+------+-------------+
    |moves_node_f_score_V_U  |os_heap_push_moves_node_f_score_V  |        0|  22|   3|    0|    16|   11|     1|          176|
    |moves_node_g_score_V_U  |os_heap_push_moves_node_f_score_V  |        0|  22|   3|    0|    16|   11|     1|          176|
    |moves_node_x_V_U        |os_heap_push_moves_node_x_V        |        0|  18|   3|    0|    16|    9|     1|          144|
    |moves_node_y_V_U        |os_heap_push_moves_node_x_V        |        0|  18|   3|    0|    16|    9|     1|          144|
    |moves_target_U          |os_heap_push_moves_target          |        0|  30|   4|    0|    16|   15|     1|          240|
    +------------------------+-----------------------------------+---------+----+----+-----+------+-----+------+-------------+
    |Total                   |                                   |        0| 110|  16|    0|    80|   55|     5|          880|
    +------------------------+-----------------------------------+---------+----+----+-----+------+-----+------+-------------+

    * FIFO: 
    N/A

    * Expression: 
    +----------------------------+----------+----+---+----+------------+------------+
    |        Variable Name       | Operation| DSP| FF| LUT| Bitwidth P0| Bitwidth P1|
    +----------------------------+----------+----+---+----+------------+------------+
    |add_ln123_10_fu_3542_p2     |         +|   0|  0|  23|          16|           2|
    |add_ln123_11_fu_3618_p2     |         +|   0|  0|  23|          16|           2|
    |add_ln123_12_fu_3694_p2     |         +|   0|  0|  23|          16|           2|
    |add_ln123_13_fu_3770_p2     |         +|   0|  0|  23|          16|           2|
    |add_ln123_14_fu_3846_p2     |         +|   0|  0|  23|          16|           2|
    |add_ln123_1_fu_2754_p2      |         +|   0|  0|  13|           5|           2|
    |add_ln123_2_fu_2843_p2      |         +|   0|  0|  14|           6|           2|
    |add_ln123_3_fu_2933_p2      |         +|   0|  0|  15|           8|           2|
    |add_ln123_4_fu_3022_p2      |         +|   0|  0|  14|           9|           2|
    |add_ln123_5_fu_3112_p2      |         +|   0|  0|  12|          11|           2|
    |add_ln123_6_fu_3201_p2      |         +|   0|  0|  12|          12|           2|
    |add_ln123_7_fu_3291_p2      |         +|   0|  0|  17|          14|           2|
    |add_ln123_8_fu_3380_p2      |         +|   0|  0|  20|          15|           2|
    |add_ln123_9_fu_3466_p2      |         +|   0|  0|  23|          16|           2|
    |add_ln123_fu_2664_p2        |         +|   0|  0|  11|           3|           2|
    |add_ln240_fu_2575_p2        |         +|   0|  0|  20|          15|           2|
    |add_ln241_fu_2589_p2        |         +|   0|  0|  23|          16|           2|
    |i_9_fu_3918_p2              |         +|   0|  0|  13|           5|           1|
    |and_ln131_10_fu_3514_p2     |       and|   0|  0|   2|           1|           1|
    |and_ln131_11_fu_3590_p2     |       and|   0|  0|   2|           1|           1|
    |and_ln131_12_fu_3666_p2     |       and|   0|  0|   2|           1|           1|
    |and_ln131_13_fu_3742_p2     |       and|   0|  0|   2|           1|           1|
    |and_ln131_14_fu_3818_p2     |       and|   0|  0|   2|           1|           1|
    |and_ln131_15_fu_3896_p2     |       and|   0|  0|   2|           1|           1|
    |and_ln131_1_fu_2724_p2      |       and|   0|  0|   2|           1|           1|
    |and_ln131_2_fu_2817_p2      |       and|   0|  0|   2|           1|           1|
    |and_ln131_3_fu_2903_p2      |       and|   0|  0|   2|           1|           1|
    |and_ln131_4_fu_2996_p2      |       and|   0|  0|   2|           1|           1|
    |and_ln131_5_fu_3082_p2      |       and|   0|  0|   2|           1|           1|
    |and_ln131_6_fu_3175_p2      |       and|   0|  0|   2|           1|           1|
    |and_ln131_7_fu_3261_p2      |       and|   0|  0|   2|           1|           1|
    |and_ln131_8_fu_3354_p2      |       and|   0|  0|   2|           1|           1|
    |and_ln131_9_fu_3440_p2      |       and|   0|  0|   2|           1|           1|
    |and_ln131_fu_2638_p2        |       and|   0|  0|   2|           1|           1|
    |icmp_ln127_10_fu_3558_p2    |      icmp|   0|  0|  13|          16|          16|
    |icmp_ln127_11_fu_3634_p2    |      icmp|   0|  0|  13|          16|          16|
    |icmp_ln127_12_fu_3710_p2    |      icmp|   0|  0|  13|          16|          16|
    |icmp_ln127_13_fu_3786_p2    |      icmp|   0|  0|  13|          16|          16|
    |icmp_ln127_14_fu_3852_p2    |      icmp|   0|  0|  13|          16|          16|
    |icmp_ln127_1_fu_2776_p2     |      icmp|   0|  0|  13|          16|          16|
    |icmp_ln127_2_fu_2865_p2     |      icmp|   0|  0|  13|          16|          16|
    |icmp_ln127_3_fu_2955_p2     |      icmp|   0|  0|  13|          16|          16|
    |icmp_ln127_4_fu_3044_p2     |      icmp|   0|  0|  13|          16|          16|
    |icmp_ln127_5_fu_3134_p2     |      icmp|   0|  0|  13|          16|          16|
    |icmp_ln127_6_fu_3223_p2     |      icmp|   0|  0|  13|          16|          16|
    |icmp_ln127_7_fu_3313_p2     |      icmp|   0|  0|  13|          16|          16|
    |icmp_ln127_8_fu_3402_p2     |      icmp|   0|  0|  13|          16|          16|
    |icmp_ln127_9_fu_3482_p2     |      icmp|   0|  0|  13|          16|          16|
    |icmp_ln127_fu_2686_p2       |      icmp|   0|  0|  13|          16|          16|
    |icmp_ln128_10_fu_3486_p2    |      icmp|   0|  0|  13|          16|          16|
    |icmp_ln128_11_fu_3562_p2    |      icmp|   0|  0|  13|          16|          16|
    |icmp_ln128_12_fu_3638_p2    |      icmp|   0|  0|  13|          16|          16|
    |icmp_ln128_13_fu_3714_p2    |      icmp|   0|  0|  13|          16|          16|
    |icmp_ln128_14_fu_3790_p2    |      icmp|   0|  0|  13|          16|          16|
    |icmp_ln128_15_fu_3862_p2    |      icmp|   0|  0|  13|          16|          16|
    |icmp_ln128_1_fu_2691_p2     |      icmp|   0|  0|  13|          16|          16|
    |icmp_ln128_2_fu_2781_p2     |      icmp|   0|  0|  13|          16|          16|
    |icmp_ln128_3_fu_2870_p2     |      icmp|   0|  0|  13|          16|          16|
    |icmp_ln128_4_fu_2960_p2     |      icmp|   0|  0|  13|          16|          16|
    |icmp_ln128_5_fu_3049_p2     |      icmp|   0|  0|  13|          16|          16|
    |icmp_ln128_6_fu_3139_p2     |      icmp|   0|  0|  13|          16|          16|
    |icmp_ln128_7_fu_3228_p2     |      icmp|   0|  0|  13|          16|          16|
    |icmp_ln128_8_fu_3318_p2     |      icmp|   0|  0|  13|          16|          16|
    |icmp_ln128_9_fu_3407_p2     |      icmp|   0|  0|  13|          16|          16|
    |icmp_ln128_fu_2616_p2       |      icmp|   0|  0|  13|          16|           2|
    |icmp_ln153_fu_3912_p2       |      icmp|   0|  0|   9|           5|           1|
    |icmp_ln154_fu_3924_p2       |      icmp|   0|  0|   9|           5|           5|
    |icmp_ln245_fu_2610_p2       |      icmp|   0|  0|  12|          15|           1|
    |icmp_ln878_10_fu_3504_p2    |      icmp|   0|  0|  11|          11|          11|
    |icmp_ln878_11_fu_3580_p2    |      icmp|   0|  0|  11|          11|          11|
    |icmp_ln878_12_fu_3656_p2    |      icmp|   0|  0|  11|          11|          11|
    |icmp_ln878_13_fu_3732_p2    |      icmp|   0|  0|  11|          11|          11|
    |icmp_ln878_14_fu_3808_p2    |      icmp|   0|  0|  11|          11|          11|
    |icmp_ln878_15_fu_3886_p2    |      icmp|   0|  0|  11|          11|          11|
    |icmp_ln878_16_fu_2633_p2    |      icmp|   0|  0|  11|          11|          11|
    |icmp_ln878_17_fu_2644_p2    |      icmp|   0|  0|  11|          11|          11|
    |icmp_ln878_18_fu_2714_p2    |      icmp|   0|  0|  11|          11|          11|
    |icmp_ln878_19_fu_2719_p2    |      icmp|   0|  0|  11|          11|          11|
    |icmp_ln878_20_fu_2730_p2    |      icmp|   0|  0|  11|          11|          11|
    |icmp_ln878_21_fu_2807_p2    |      icmp|   0|  0|  11|          11|          11|
    |icmp_ln878_22_fu_2812_p2    |      icmp|   0|  0|  11|          11|          11|
    |icmp_ln878_23_fu_2823_p2    |      icmp|   0|  0|  11|          11|          11|
    |icmp_ln878_24_fu_2898_p2    |      icmp|   0|  0|  11|          11|          11|
    |icmp_ln878_25_fu_2909_p2    |      icmp|   0|  0|  11|          11|          11|
    |icmp_ln878_26_fu_2991_p2    |      icmp|   0|  0|  11|          11|          11|
    |icmp_ln878_27_fu_3002_p2    |      icmp|   0|  0|  11|          11|          11|
    |icmp_ln878_28_fu_3077_p2    |      icmp|   0|  0|  11|          11|          11|
    |icmp_ln878_29_fu_3088_p2    |      icmp|   0|  0|  11|          11|          11|
    |icmp_ln878_30_fu_3170_p2    |      icmp|   0|  0|  11|          11|          11|
    |icmp_ln878_31_fu_3181_p2    |      icmp|   0|  0|  11|          11|          11|
    |icmp_ln878_32_fu_3256_p2    |      icmp|   0|  0|  11|          11|          11|
    |icmp_ln878_33_fu_3267_p2    |      icmp|   0|  0|  11|          11|          11|
    |icmp_ln878_34_fu_3349_p2    |      icmp|   0|  0|  11|          11|          11|
    |icmp_ln878_35_fu_3360_p2    |      icmp|   0|  0|  11|          11|          11|
    |icmp_ln878_36_fu_3435_p2    |      icmp|   0|  0|  11|          11|          11|
    |icmp_ln878_37_fu_3446_p2    |      icmp|   0|  0|  11|          11|          11|
    |icmp_ln878_38_fu_3509_p2    |      icmp|   0|  0|  11|          11|          11|
    |icmp_ln878_39_fu_3520_p2    |      icmp|   0|  0|  11|          11|          11|
    |icmp_ln878_3_fu_2893_p2     |      icmp|   0|  0|  11|          11|          11|
    |icmp_ln878_40_fu_3585_p2    |      icmp|   0|  0|  11|          11|          11|
    |icmp_ln878_41_fu_3596_p2    |      icmp|   0|  0|  11|          11|          11|
    |icmp_ln878_42_fu_3661_p2    |      icmp|   0|  0|  11|          11|          11|
    |icmp_ln878_43_fu_3672_p2    |      icmp|   0|  0|  11|          11|          11|
    |icmp_ln878_44_fu_3737_p2    |      icmp|   0|  0|  11|          11|          11|
    |icmp_ln878_45_fu_3748_p2    |      icmp|   0|  0|  11|          11|          11|
    |icmp_ln878_46_fu_3813_p2    |      icmp|   0|  0|  11|          11|          11|
    |icmp_ln878_47_fu_3824_p2    |      icmp|   0|  0|  11|          11|          11|
    |icmp_ln878_48_fu_3891_p2    |      icmp|   0|  0|  11|          11|          11|
    |icmp_ln878_49_fu_3902_p2    |      icmp|   0|  0|  11|          11|          11|
    |icmp_ln878_4_fu_2986_p2     |      icmp|   0|  0|  11|          11|          11|
    |icmp_ln878_5_fu_3072_p2     |      icmp|   0|  0|  11|          11|          11|
    |icmp_ln878_6_fu_3165_p2     |      icmp|   0|  0|  11|          11|          11|
    |icmp_ln878_7_fu_3251_p2     |      icmp|   0|  0|  11|          11|          11|
    |icmp_ln878_8_fu_3344_p2     |      icmp|   0|  0|  11|          11|          11|
    |icmp_ln878_9_fu_3430_p2     |      icmp|   0|  0|  11|          11|          11|
    |icmp_ln878_fu_2628_p2       |      icmp|   0|  0|  11|          11|          11|
    |or_ln122_10_fu_3536_p2      |        or|   0|  0|  16|          16|           1|
    |or_ln122_11_fu_3612_p2      |        or|   0|  0|  16|          16|           1|
    |or_ln122_12_fu_3688_p2      |        or|   0|  0|  16|          16|           1|
    |or_ln122_13_fu_3764_p2      |        or|   0|  0|  16|          16|           1|
    |or_ln122_14_fu_3840_p2      |        or|   0|  0|  16|          16|           1|
    |or_ln122_1_fu_2748_p2       |        or|   0|  0|   4|           4|           1|
    |or_ln122_2_fu_2837_p2       |        or|   0|  0|   6|           6|           1|
    |or_ln122_3_fu_2927_p2       |        or|   0|  0|   7|           7|           1|
    |or_ln122_4_fu_3016_p2       |        or|   0|  0|   9|           9|           1|
    |or_ln122_5_fu_3106_p2       |        or|   0|  0|  10|          10|           1|
    |or_ln122_6_fu_3195_p2       |        or|   0|  0|  12|          12|           1|
    |or_ln122_7_fu_3285_p2       |        or|   0|  0|  13|          13|           1|
    |or_ln122_8_fu_3374_p2       |        or|   0|  0|  15|          15|           1|
    |or_ln122_9_fu_3460_p2       |        or|   0|  0|  16|          16|           1|
    |or_ln122_fu_2658_p2         |        or|   0|  0|   3|           3|           1|
    |select_ln127_10_fu_3566_p3  |    select|   0|  0|  11|           1|          11|
    |select_ln127_11_fu_3642_p3  |    select|   0|  0|  11|           1|          11|
    |select_ln127_12_fu_3718_p3  |    select|   0|  0|  11|           1|          11|
    |select_ln127_13_fu_3794_p3  |    select|   0|  0|  11|           1|          11|
    |select_ln127_14_fu_3872_p3  |    select|   0|  0|  11|           1|          11|
    |select_ln127_1_fu_2793_p3   |    select|   0|  0|  11|           1|          11|
    |select_ln127_2_fu_2879_p3   |    select|   0|  0|  11|           1|          11|
    |select_ln127_3_fu_2972_p3   |    select|   0|  0|  11|           1|          11|
    |select_ln127_4_fu_3058_p3   |    select|   0|  0|  11|           1|          11|
    |select_ln127_5_fu_3151_p3   |    select|   0|  0|  11|           1|          11|
    |select_ln127_6_fu_3237_p3   |    select|   0|  0|  11|           1|          11|
    |select_ln127_7_fu_3330_p3   |    select|   0|  0|  11|           1|          11|
    |select_ln127_8_fu_3416_p3   |    select|   0|  0|  11|           1|          11|
    |select_ln127_9_fu_3490_p3   |    select|   0|  0|  11|           1|          11|
    |select_ln127_fu_2700_p3     |    select|   0|  0|  11|           1|          11|
    |select_ln128_10_fu_3497_p3  |    select|   0|  0|  11|           1|          11|
    |select_ln128_11_fu_3573_p3  |    select|   0|  0|  11|           1|          11|
    |select_ln128_12_fu_3649_p3  |    select|   0|  0|  11|           1|          11|
    |select_ln128_13_fu_3725_p3  |    select|   0|  0|  11|           1|          11|
    |select_ln128_14_fu_3801_p3  |    select|   0|  0|  11|           1|          11|
    |select_ln128_15_fu_3879_p3  |    select|   0|  0|  11|           1|          11|
    |select_ln128_1_fu_2707_p3   |    select|   0|  0|  11|           1|          11|
    |select_ln128_2_fu_2800_p3   |    select|   0|  0|  11|           1|          11|
    |select_ln128_3_fu_2886_p3   |    select|   0|  0|  11|           1|          11|
    |select_ln128_4_fu_2979_p3   |    select|   0|  0|  11|           1|          11|
    |select_ln128_5_fu_3065_p3   |    select|   0|  0|  11|           1|          11|
    |select_ln128_6_fu_3158_p3   |    select|   0|  0|  11|           1|          11|
    |select_ln128_7_fu_3244_p3   |    select|   0|  0|  11|           1|          11|
    |select_ln128_8_fu_3337_p3   |    select|   0|  0|  11|           1|          11|
    |select_ln128_9_fu_3423_p3   |    select|   0|  0|  11|           1|          11|
    |select_ln128_fu_2621_p3     |    select|   0|  0|  11|           1|          11|
    +----------------------------+----------+----+---+----+------------+------------+
    |Total                       |          |   0|  0|1831|        1486|        1424|
    +----------------------------+----------+----+---+----+------------+------------+

    * Multiplexer: 
    +----------------------------------+-----+-----------+-----+-----------+
    |               Name               | LUT | Input Size| Bits| Total Bits|
    +----------------------------------+-----+-----------+-----+-----------+
    |ap_NS_fsm                         |  361|         75|    1|         75|
    |i_reg_2505                        |    9|          2|    5|         10|
    |idx_assign10_reg_2388             |   81|         17|   15|        255|
    |idx_assign_5_0_reg_2079           |    9|          2|    2|          4|
    |idx_assign_5_10_in_in_reg_2284    |    9|          2|   16|         32|
    |idx_assign_5_11_in_in_reg_2303    |    9|          2|   16|         32|
    |idx_assign_5_12_in_in_reg_2322    |    9|          2|   16|         32|
    |idx_assign_5_13_in_in_reg_2341    |    9|          2|   16|         32|
    |idx_assign_5_14_in_in_reg_2360    |    9|          2|   16|         32|
    |idx_assign_5_15_in_in_reg_2379    |    9|          2|   16|         32|
    |idx_assign_5_1_reg_2103           |    9|          2|    3|          6|
    |idx_assign_5_2_reg_2123           |    9|          2|    5|         10|
    |idx_assign_5_3_reg_2143           |    9|          2|    6|         12|
    |idx_assign_5_4_reg_2163           |    9|          2|    8|         16|
    |idx_assign_5_5_reg_2183           |    9|          2|    9|         18|
    |idx_assign_5_6_reg_2203           |    9|          2|   11|         22|
    |idx_assign_5_7_reg_2223           |    9|          2|   12|         24|
    |idx_assign_5_8_reg_2243           |    9|          2|   14|         28|
    |idx_assign_5_9_reg_2263           |    9|          2|   15|         30|
    |move_count_0_i121_reg_2431        |   81|         17|    5|         85|
    |moves_node_f_score_V_address0     |   87|         18|    4|         72|
    |moves_node_f_score_V_address1     |   81|         17|    4|         68|
    |moves_node_f_score_V_d0           |   20|          4|   11|         44|
    |moves_node_f_score_V_d1           |   20|          4|   11|         44|
    |moves_node_g_score_V_address0     |   87|         18|    4|         72|
    |moves_node_g_score_V_address1     |   81|         17|    4|         68|
    |moves_node_g_score_V_d0           |   14|          3|   11|         33|
    |moves_node_g_score_V_d1           |   14|          3|   11|         33|
    |moves_node_x_V_address0           |   87|         18|    4|         72|
    |moves_node_x_V_address1           |   81|         17|    4|         68|
    |moves_node_x_V_d0                 |   14|          3|    9|         27|
    |moves_node_x_V_d1                 |   14|          3|    9|         27|
    |moves_node_y_V_address0           |   87|         18|    4|         72|
    |moves_node_y_V_address1           |   81|         17|    4|         68|
    |moves_node_y_V_d0                 |   53|         10|    9|         90|
    |moves_node_y_V_d1                 |   53|         10|    9|         90|
    |moves_target_address0             |   87|         18|    4|         72|
    |moves_target_address1             |   81|         17|    4|         68|
    |moves_target_d0                   |   48|          9|   15|        135|
    |moves_target_d1                   |   53|         10|   15|        150|
    |open_set_heap_f_score_V_address0  |   93|         19|   15|        285|
    |open_set_heap_f_score_V_address1  |   93|         19|   15|        285|
    |open_set_heap_f_score_V_d1        |   14|          3|   11|         33|
    |open_set_heap_g_score_V_address0  |  100|         20|   15|        300|
    |open_set_heap_g_score_V_address1  |   93|         19|   15|        285|
    |open_set_heap_g_score_V_d0        |   14|          3|   11|         33|
    |open_set_heap_x_V_address0        |  100|         20|   15|        300|
    |open_set_heap_x_V_address1        |   93|         19|   15|        285|
    |open_set_heap_x_V_d0              |   14|          3|    9|         27|
    |open_set_heap_y_V_address0        |  100|         20|   15|        300|
    |open_set_heap_y_V_address1        |   93|         19|   15|        285|
    |open_set_heap_y_V_d0              |   14|          3|    9|         27|
    |open_set_size_o                   |    9|          2|   16|         32|
    |reg_2516                          |    9|          2|   11|         22|
    |reg_2523                          |    9|          2|   11|         22|
    +----------------------------------+-----+-----------+-----+-----------+
    |Total                             | 2667|        550|  555|       4681|
    +----------------------------------+-----+-----------+-----+-----------+

    * Register: 
    +--------------------------------+----+----+-----+-----------+
    |              Name              | FF | LUT| Bits| Const Bits|
    +--------------------------------+----+----+-----+-----------+
    |add_ln123_10_reg_5427           |  15|   0|   16|          1|
    |add_ln123_11_reg_5516           |  15|   0|   16|          1|
    |add_ln123_12_reg_5605           |  15|   0|   16|          1|
    |add_ln123_13_reg_5694           |  15|   0|   16|          1|
    |add_ln123_14_reg_5782           |  15|   0|   16|          1|
    |add_ln123_1_reg_4606            |   4|   0|    5|          1|
    |add_ln123_2_reg_4700            |   5|   0|    6|          1|
    |add_ln123_3_reg_4789            |   7|   0|    8|          1|
    |add_ln123_4_reg_4883            |   8|   0|    9|          1|
    |add_ln123_5_reg_4972            |  10|   0|   11|          1|
    |add_ln123_6_reg_5066            |  11|   0|   12|          1|
    |add_ln123_7_reg_5155            |  13|   0|   14|          1|
    |add_ln123_8_reg_5249            |  14|   0|   15|          1|
    |add_ln123_9_reg_5338            |  15|   0|   16|          1|
    |add_ln123_reg_4517              |   2|   0|    3|          1|
    |add_ln241_reg_4060              |  16|   0|   16|          0|
    |ap_CS_fsm                       |  74|   0|   74|          0|
    |i_9_reg_5867                    |   5|   0|    5|          0|
    |i_reg_2505                      |   5|   0|    5|          0|
    |icmp_ln127_10_reg_5457          |   1|   0|    1|          0|
    |icmp_ln127_11_reg_5546          |   1|   0|    1|          0|
    |icmp_ln127_12_reg_5635          |   1|   0|    1|          0|
    |icmp_ln127_13_reg_5724          |   1|   0|    1|          0|
    |icmp_ln127_14_reg_5787          |   1|   0|    1|          0|
    |icmp_ln127_1_reg_4636           |   1|   0|    1|          0|
    |icmp_ln127_2_reg_4730           |   1|   0|    1|          0|
    |icmp_ln127_3_reg_4819           |   1|   0|    1|          0|
    |icmp_ln127_4_reg_4913           |   1|   0|    1|          0|
    |icmp_ln127_5_reg_5002           |   1|   0|    1|          0|
    |icmp_ln127_6_reg_5096           |   1|   0|    1|          0|
    |icmp_ln127_7_reg_5185           |   1|   0|    1|          0|
    |icmp_ln127_8_reg_5279           |   1|   0|    1|          0|
    |icmp_ln127_9_reg_5368           |   1|   0|    1|          0|
    |icmp_ln127_reg_4547             |   1|   0|    1|          0|
    |icmp_ln128_10_reg_5373          |   1|   0|    1|          0|
    |icmp_ln128_11_reg_5462          |   1|   0|    1|          0|
    |icmp_ln128_12_reg_5551          |   1|   0|    1|          0|
    |icmp_ln128_13_reg_5640          |   1|   0|    1|          0|
    |icmp_ln128_14_reg_5729          |   1|   0|    1|          0|
    |icmp_ln128_15_reg_5804          |   1|   0|    1|          0|
    |icmp_ln128_1_reg_4552           |   1|   0|    1|          0|
    |icmp_ln128_2_reg_4641           |   1|   0|    1|          0|
    |icmp_ln128_3_reg_4735           |   1|   0|    1|          0|
    |icmp_ln128_4_reg_4824           |   1|   0|    1|          0|
    |icmp_ln128_5_reg_4918           |   1|   0|    1|          0|
    |icmp_ln128_6_reg_5007           |   1|   0|    1|          0|
    |icmp_ln128_7_reg_5101           |   1|   0|    1|          0|
    |icmp_ln128_8_reg_5190           |   1|   0|    1|          0|
    |icmp_ln128_9_reg_5284           |   1|   0|    1|          0|
    |icmp_ln128_reg_4449             |   1|   0|    1|          0|
    |icmp_ln153_reg_5863             |   1|   0|    1|          0|
    |icmp_ln245_reg_4095             |   1|   0|    1|          0|
    |icmp_ln878_17_reg_4507          |   1|   0|    1|          0|
    |icmp_ln878_20_reg_4566          |   1|   0|    1|          0|
    |icmp_ln878_23_reg_4660          |   1|   0|    1|          0|
    |icmp_ln878_25_reg_4749          |   1|   0|    1|          0|
    |icmp_ln878_27_reg_4843          |   1|   0|    1|          0|
    |icmp_ln878_29_reg_4932          |   1|   0|    1|          0|
    |icmp_ln878_31_reg_5026          |   1|   0|    1|          0|
    |icmp_ln878_33_reg_5115          |   1|   0|    1|          0|
    |icmp_ln878_35_reg_5209          |   1|   0|    1|          0|
    |icmp_ln878_37_reg_5298          |   1|   0|    1|          0|
    |icmp_ln878_39_reg_5381          |   1|   0|    1|          0|
    |icmp_ln878_41_reg_5470          |   1|   0|    1|          0|
    |icmp_ln878_43_reg_5559          |   1|   0|    1|          0|
    |icmp_ln878_45_reg_5648          |   1|   0|    1|          0|
    |icmp_ln878_47_reg_5737          |   1|   0|    1|          0|
    |icmp_ln878_49_reg_5824          |   1|   0|    1|          0|
    |idx_assign10_reg_2388           |  15|   0|   15|          0|
    |idx_assign_5_0_reg_2079         |   2|   0|    2|          0|
    |idx_assign_5_10_in_in_reg_2284  |  16|   0|   16|          0|
    |idx_assign_5_11_in_in_reg_2303  |  16|   0|   16|          0|
    |idx_assign_5_12_in_in_reg_2322  |  16|   0|   16|          0|
    |idx_assign_5_13_in_in_reg_2341  |  16|   0|   16|          0|
    |idx_assign_5_14_in_in_reg_2360  |  16|   0|   16|          0|
    |idx_assign_5_15_in_in_reg_2379  |  16|   0|   16|          0|
    |idx_assign_5_1_reg_2103         |   3|   0|    3|          0|
    |idx_assign_5_2_reg_2123         |   5|   0|    5|          0|
    |idx_assign_5_3_reg_2143         |   6|   0|    6|          0|
    |idx_assign_5_4_reg_2163         |   8|   0|    8|          0|
    |idx_assign_5_5_reg_2183         |   9|   0|    9|          0|
    |idx_assign_5_6_reg_2203         |  11|   0|   11|          0|
    |idx_assign_5_7_reg_2223         |  12|   0|   12|          0|
    |idx_assign_5_8_reg_2243         |  14|   0|   14|          0|
    |idx_assign_5_9_reg_2263         |  15|   0|   15|          0|
    |min_node_g_score_V_reg_3993     |  11|   0|   11|          0|
    |min_node_x_V_reg_3998           |   9|   0|    9|          0|
    |min_node_y_V_reg_4003           |   9|   0|    9|          0|
    |move_count_0_i121_reg_2431      |   5|   0|    5|          0|
    |node_f_score_V_reg_4008         |  11|   0|   11|          0|
    |node_g_score_V_reg_4045         |  11|   0|   11|          0|
    |node_x_V_reg_4050               |   9|   0|    9|          0|
    |node_y_V_reg_4055               |   9|   0|    9|          0|
    |or_ln122_10_reg_5421            |  15|   0|   16|          1|
    |or_ln122_11_reg_5510            |  15|   0|   16|          1|
    |or_ln122_12_reg_5599            |  15|   0|   16|          1|
    |or_ln122_13_reg_5688            |  15|   0|   16|          1|
    |or_ln122_14_reg_5777            |  15|   0|   16|          1|
    |or_ln122_1_reg_4600             |   3|   0|    4|          1|
    |or_ln122_2_reg_4694             |   5|   0|    6|          1|
    |or_ln122_3_reg_4783             |   6|   0|    7|          1|
    |or_ln122_4_reg_4877             |   8|   0|    9|          1|
    |or_ln122_5_reg_4966             |   9|   0|   10|          1|
    |or_ln122_6_reg_5060             |  11|   0|   12|          1|
    |or_ln122_7_reg_5149             |  12|   0|   13|          1|
    |or_ln122_8_reg_5243             |  14|   0|   15|          1|
    |or_ln122_9_reg_5332             |  15|   0|   16|          1|
    |or_ln122_reg_4511               |   2|   0|    3|          1|
    |reg_2516                        |  11|   0|   11|          0|
    |reg_2523                        |  11|   0|   11|          0|
    |storemerge_0_reg_2069           |   9|   0|    9|          0|
    |storemerge_10_reg_2274          |   9|   0|    9|          0|
    |storemerge_11_reg_2293          |   9|   0|    9|          0|
    |storemerge_12_reg_2312          |   9|   0|    9|          0|
    |storemerge_13_reg_2331          |   9|   0|    9|          0|
    |storemerge_14_reg_2350          |   9|   0|    9|          0|
    |storemerge_15_reg_2369          |   9|   0|    9|          0|
    |storemerge_1_reg_2093           |   9|   0|    9|          0|
    |storemerge_2_reg_2113           |   9|   0|    9|          0|
    |storemerge_3_reg_2133           |   9|   0|    9|          0|
    |storemerge_4_reg_2153           |   9|   0|    9|          0|
    |storemerge_5_reg_2173           |   9|   0|    9|          0|
    |storemerge_6_reg_2193           |   9|   0|    9|          0|
    |storemerge_7_reg_2213           |   9|   0|    9|          0|
    |storemerge_8_reg_2233           |   9|   0|    9|          0|
    |storemerge_9_reg_2253           |   9|   0|    9|          0|
    |trunc_ln127_1_reg_5504          |  15|   0|   15|          0|
    |trunc_ln127_2_reg_5593          |  15|   0|   15|          0|
    |trunc_ln127_3_reg_5682          |  15|   0|   15|          0|
    |trunc_ln127_4_reg_5771          |  15|   0|   15|          0|
    |trunc_ln127_reg_5415            |  15|   0|   15|          0|
    |zext_ln123_11_reg_5201          |  12|   0|   14|          2|
    |zext_ln123_2_reg_4652           |   3|   0|    5|          2|
    |zext_ln123_5_reg_4835           |   6|   0|    8|          2|
    |zext_ln123_8_reg_5018           |   9|   0|   11|          2|
    |zext_ln127_10_reg_5433          |  15|   0|   64|         49|
    |zext_ln127_11_reg_5522          |  15|   0|   64|         49|
    |zext_ln127_12_reg_5611          |  15|   0|   64|         49|
    |zext_ln127_13_reg_5700          |  15|   0|   64|         49|
    |zext_ln127_14_reg_5792          |  15|   0|   64|         49|
    |zext_ln127_1_reg_4612           |   3|   0|   64|         61|
    |zext_ln127_2_reg_4706           |   5|   0|   64|         59|
    |zext_ln127_3_reg_4795           |   6|   0|   64|         58|
    |zext_ln127_4_reg_4889           |   8|   0|   64|         56|
    |zext_ln127_5_reg_4978           |   9|   0|   64|         55|
    |zext_ln127_6_reg_5072           |  11|   0|   64|         53|
    |zext_ln127_7_reg_5161           |  12|   0|   64|         52|
    |zext_ln127_8_reg_5255           |  14|   0|   64|         50|
    |zext_ln127_9_reg_5344           |  15|   0|   64|         49|
    |zext_ln127_reg_4523             |   2|   0|   64|         62|
    |zext_ln128_10_reg_5445          |  15|   0|   64|         49|
    |zext_ln128_11_reg_5534          |  15|   0|   64|         49|
    |zext_ln128_12_reg_5623          |  15|   0|   64|         49|
    |zext_ln128_13_reg_5712          |  15|   0|   64|         49|
    |zext_ln128_14_reg_5809          |  15|   0|   64|         49|
    |zext_ln128_1_reg_4624           |   4|   0|   64|         60|
    |zext_ln128_2_reg_4718           |   5|   0|   64|         59|
    |zext_ln128_3_reg_4807           |   7|   0|   64|         57|
    |zext_ln128_4_reg_4901           |   8|   0|   64|         56|
    |zext_ln128_5_reg_4990           |  10|   0|   64|         54|
    |zext_ln128_6_reg_5084           |  11|   0|   64|         53|
    |zext_ln128_7_reg_5173           |  13|   0|   64|         51|
    |zext_ln128_8_reg_5267           |  14|   0|   64|         50|
    |zext_ln128_9_reg_5356           |  15|   0|   64|         49|
    |zext_ln128_reg_4535             |   2|   0|   64|         62|
    |zext_ln99_1_reg_4646            |   3|   0|   15|         12|
    |zext_ln99_2_reg_4740            |   5|   0|   15|         10|
    |zext_ln99_3_reg_4829            |   6|   0|   15|          9|
    |zext_ln99_4_reg_4923            |   8|   0|   15|          7|
    |zext_ln99_5_reg_5012            |   9|   0|   15|          6|
    |zext_ln99_6_reg_5106            |  11|   0|   15|          4|
    |zext_ln99_7_reg_5195            |  12|   0|   15|          3|
    |zext_ln99_8_reg_5289            |  14|   0|   15|          1|
    |zext_ln99_reg_4557              |   2|   0|   15|         13|
    +--------------------------------+----+----+-----+-----------+
    |Total                           |1408|   0| 3107|       1699|
    +--------------------------------+----+----+-----+-----------+



================================================================
== Interface
================================================================
* Summary: 
+----------------------------------+-----+-----+------------+-------------------------+--------------+
|             RTL Ports            | Dir | Bits|  Protocol  |      Source Object      |    C Type    |
+----------------------------------+-----+-----+------------+-------------------------+--------------+
|ap_clk                            |   in|    1|  ap_ctrl_hs|              os_heap_pop|  return value|
|ap_rst                            |   in|    1|  ap_ctrl_hs|              os_heap_pop|  return value|
|ap_start                          |   in|    1|  ap_ctrl_hs|              os_heap_pop|  return value|
|ap_done                           |  out|    1|  ap_ctrl_hs|              os_heap_pop|  return value|
|ap_idle                           |  out|    1|  ap_ctrl_hs|              os_heap_pop|  return value|
|ap_ready                          |  out|    1|  ap_ctrl_hs|              os_heap_pop|  return value|
|ap_return_0                       |  out|   11|  ap_ctrl_hs|              os_heap_pop|  return value|
|ap_return_1                       |  out|    9|  ap_ctrl_hs|              os_heap_pop|  return value|
|ap_return_2                       |  out|    9|  ap_ctrl_hs|              os_heap_pop|  return value|
|open_set_size_i                   |   in|   16|     ap_ovld|            open_set_size|       pointer|
|open_set_size_o                   |  out|   16|     ap_ovld|            open_set_size|       pointer|
|open_set_size_o_ap_vld            |  out|    1|     ap_ovld|            open_set_size|       pointer|
|open_set_heap_f_score_V_address0  |  out|   15|   ap_memory|  open_set_heap_f_score_V|         array|
|open_set_heap_f_score_V_ce0       |  out|    1|   ap_memory|  open_set_heap_f_score_V|         array|
|open_set_heap_f_score_V_we0       |  out|    1|   ap_memory|  open_set_heap_f_score_V|         array|
|open_set_heap_f_score_V_d0        |  out|   11|   ap_memory|  open_set_heap_f_score_V|         array|
|open_set_heap_f_score_V_q0        |   in|   11|   ap_memory|  open_set_heap_f_score_V|         array|
|open_set_heap_f_score_V_address1  |  out|   15|   ap_memory|  open_set_heap_f_score_V|         array|
|open_set_heap_f_score_V_ce1       |  out|    1|   ap_memory|  open_set_heap_f_score_V|         array|
|open_set_heap_f_score_V_we1       |  out|    1|   ap_memory|  open_set_heap_f_score_V|         array|
|open_set_heap_f_score_V_d1        |  out|   11|   ap_memory|  open_set_heap_f_score_V|         array|
|open_set_heap_f_score_V_q1        |   in|   11|   ap_memory|  open_set_heap_f_score_V|         array|
|open_set_heap_g_score_V_address0  |  out|   15|   ap_memory|  open_set_heap_g_score_V|         array|
|open_set_heap_g_score_V_ce0       |  out|    1|   ap_memory|  open_set_heap_g_score_V|         array|
|open_set_heap_g_score_V_we0       |  out|    1|   ap_memory|  open_set_heap_g_score_V|         array|
|open_set_heap_g_score_V_d0        |  out|   11|   ap_memory|  open_set_heap_g_score_V|         array|
|open_set_heap_g_score_V_q0        |   in|   11|   ap_memory|  open_set_heap_g_score_V|         array|
|open_set_heap_g_score_V_address1  |  out|   15|   ap_memory|  open_set_heap_g_score_V|         array|
|open_set_heap_g_score_V_ce1       |  out|    1|   ap_memory|  open_set_heap_g_score_V|         array|
|open_set_heap_g_score_V_we1       |  out|    1|   ap_memory|  open_set_heap_g_score_V|         array|
|open_set_heap_g_score_V_d1        |  out|   11|   ap_memory|  open_set_heap_g_score_V|         array|
|open_set_heap_g_score_V_q1        |   in|   11|   ap_memory|  open_set_heap_g_score_V|         array|
|open_set_heap_x_V_address0        |  out|   15|   ap_memory|        open_set_heap_x_V|         array|
|open_set_heap_x_V_ce0             |  out|    1|   ap_memory|        open_set_heap_x_V|         array|
|open_set_heap_x_V_we0             |  out|    1|   ap_memory|        open_set_heap_x_V|         array|
|open_set_heap_x_V_d0              |  out|    9|   ap_memory|        open_set_heap_x_V|         array|
|open_set_heap_x_V_q0              |   in|    9|   ap_memory|        open_set_heap_x_V|         array|
|open_set_heap_x_V_address1        |  out|   15|   ap_memory|        open_set_heap_x_V|         array|
|open_set_heap_x_V_ce1             |  out|    1|   ap_memory|        open_set_heap_x_V|         array|
|open_set_heap_x_V_we1             |  out|    1|   ap_memory|        open_set_heap_x_V|         array|
|open_set_heap_x_V_d1              |  out|    9|   ap_memory|        open_set_heap_x_V|         array|
|open_set_heap_x_V_q1              |   in|    9|   ap_memory|        open_set_heap_x_V|         array|
|open_set_heap_y_V_address0        |  out|   15|   ap_memory|        open_set_heap_y_V|         array|
|open_set_heap_y_V_ce0             |  out|    1|   ap_memory|        open_set_heap_y_V|         array|
|open_set_heap_y_V_we0             |  out|    1|   ap_memory|        open_set_heap_y_V|         array|
|open_set_heap_y_V_d0              |  out|    9|   ap_memory|        open_set_heap_y_V|         array|
|open_set_heap_y_V_q0              |   in|    9|   ap_memory|        open_set_heap_y_V|         array|
|open_set_heap_y_V_address1        |  out|   15|   ap_memory|        open_set_heap_y_V|         array|
|open_set_heap_y_V_ce1             |  out|    1|   ap_memory|        open_set_heap_y_V|         array|
|open_set_heap_y_V_we1             |  out|    1|   ap_memory|        open_set_heap_y_V|         array|
|open_set_heap_y_V_d1              |  out|    9|   ap_memory|        open_set_heap_y_V|         array|
|open_set_heap_y_V_q1              |   in|    9|   ap_memory|        open_set_heap_y_V|         array|
+----------------------------------+-----+-----+------------+-------------------------+--------------+

