

================================================================
== Vitis HLS Report for 'os_sift_down'
================================================================
* Date:           Thu May  8 23:13:37 2025

* Version:        2020.2 (Build 3064766 on Wed Nov 18 09:12:47 MST 2020)
* Project:        assessment
* Solution:       solution1 (Vivado IP Flow Target)
* Product family: zynq
* Target device:  xc7z010-clg400-1


================================================================
== Performance Estimates
================================================================
+ Timing: 
    * Summary: 
    +--------+----------+----------+------------+
    |  Clock |  Target  | Estimated| Uncertainty|
    +--------+----------+----------+------------+
    |ap_clk  |  10.00 ns|  6.302 ns|     2.70 ns|
    +--------+----------+----------+------------+

+ Latency: 
    * Summary: 
    +---------+---------+-----------+----------+-----+-----+---------+
    |  Latency (cycles) |  Latency (absolute)  |  Interval | Pipeline|
    |   min   |   max   |    min    |    max   | min | max |   Type  |
    +---------+---------+-----------+----------+-----+-----+---------+
    |        9|      102|  90.000 ns|  1.020 us|    9|  102|     none|
    +---------+---------+-----------+----------+-----+-----+---------+

    + Detail: 
        * Instance: 
        N/A

        * Loop: 
        +-----------------------+---------+---------+----------+-----------+-----------+--------+----------+
        |                       |  Latency (cycles) | Iteration|  Initiation Interval  |  Trip  |          |
        |       Loop Name       |   min   |   max   |  Latency |  achieved |   target  |  Count | Pipelined|
        +-----------------------+---------+---------+----------+-----------+-----------+--------+----------+
        |- SIFT_DOWN_COPY_LOOP  |        2|       32|         2|          -|          -|  1 ~ 16|        no|
        +-----------------------+---------+---------+----------+-----------+-----------+--------+----------+



================================================================
== Utilization Estimates
================================================================
* Summary: 
+-----------------+---------+----+-------+-------+-----+
|       Name      | BRAM_18K| DSP|   FF  |  LUT  | URAM|
+-----------------+---------+----+-------+-------+-----+
|DSP              |        -|   -|      -|      -|    -|
|Expression       |        -|   -|      0|   1799|    -|
|FIFO             |        -|   -|      -|      -|    -|
|Instance         |        -|   -|      -|      -|    -|
|Memory           |        0|   -|    102|     15|    -|
|Multiplexer      |        -|   -|      -|   2638|    -|
|Register         |        -|   -|   1327|      -|    -|
+-----------------+---------+----+-------+-------+-----+
|Total            |        0|   0|   1429|   4452|    0|
+-----------------+---------+----+-------+-------+-----+
|Available        |      120|  80|  35200|  17600|    0|
+-----------------+---------+----+-------+-------+-----+
|Utilization (%)  |        0|   0|      4|     25|    0|
+-----------------+---------+----+-------+-------+-----+

+ Detail: 
    * Instance: 
    N/A

    * DSP: 
    N/A

    * Memory: 
    +------------------------+-----------------------------------+---------+----+----+-----+------+-----+------+-------------+
    |         Memory         |               Module              | BRAM_18K| FF | LUT| URAM| Words| Bits| Banks| W*Bits*Banks|
    +------------------------+-----------------------------------+---------+----+----+-----+------+-----+------+-------------+
    |moves_node_f_score_V_U  |os_sift_down_moves_node_f_score_V  |        0|  22|   3|    0|    16|   11|     1|          176|
    |moves_node_g_score_V_U  |os_sift_down_moves_node_f_score_V  |        0|  22|   3|    0|    16|   11|     1|          176|
    |moves_target_U          |os_sift_down_moves_node_f_score_V  |        0|  22|   3|    0|    16|   11|     1|          176|
    |moves_node_x_V_U        |os_sift_down_moves_node_x_V        |        0|  18|   3|    0|    16|    9|     1|          144|
    |moves_node_y_V_U        |os_sift_down_moves_node_x_V        |        0|  18|   3|    0|    16|    9|     1|          144|
    +------------------------+-----------------------------------+---------+----+----+-----+------+-----+------+-------------+
    |Total                   |                                   |        0| 102|  15|    0|    80|   51|     5|          816|
    +------------------------+-----------------------------------+---------+----+----+-----+------+-----+------+-------------+

    * FIFO: 
    N/A

    * Expression: 
    +----------------------------+----------+----+---+----+------------+------------+
    |        Variable Name       | Operation| DSP| FF| LUT| Bitwidth P0| Bitwidth P1|
    +----------------------------+----------+----+---+----+------------+------------+
    |add_ln164_10_fu_3457_p2     |         +|   0|  0|  23|          16|           2|
    |add_ln164_11_fu_3532_p2     |         +|   0|  0|  23|          16|           2|
    |add_ln164_12_fu_3607_p2     |         +|   0|  0|  23|          16|           2|
    |add_ln164_13_fu_3682_p2     |         +|   0|  0|  23|          16|           2|
    |add_ln164_14_fu_3752_p2     |         +|   0|  0|  23|          16|           2|
    |add_ln164_1_fu_2677_p2      |         +|   0|  0|  13|           5|           2|
    |add_ln164_2_fu_2761_p2      |         +|   0|  0|  14|           6|           2|
    |add_ln164_3_fu_2854_p2      |         +|   0|  0|  15|           8|           2|
    |add_ln164_4_fu_2943_p2      |         +|   0|  0|  14|           9|           2|
    |add_ln164_5_fu_3031_p2      |         +|   0|  0|  12|          11|           2|
    |add_ln164_6_fu_3120_p2      |         +|   0|  0|  12|          12|           2|
    |add_ln164_7_fu_3208_p2      |         +|   0|  0|  17|          14|           2|
    |add_ln164_8_fu_3297_p2      |         +|   0|  0|  20|          15|           2|
    |add_ln164_9_fu_3382_p2      |         +|   0|  0|  23|          16|           2|
    |add_ln164_fu_2589_p2        |         +|   0|  0|  11|           3|           2|
    |i_17_fu_3821_p2             |         +|   0|  0|  13|           5|           1|
    |and_ln172_10_fu_3424_p2     |       and|   0|  0|   2|           1|           1|
    |and_ln172_11_fu_3499_p2     |       and|   0|  0|   2|           1|           1|
    |and_ln172_12_fu_3574_p2     |       and|   0|  0|   2|           1|           1|
    |and_ln172_13_fu_3649_p2     |       and|   0|  0|   2|           1|           1|
    |and_ln172_14_fu_3724_p2     |       and|   0|  0|   2|           1|           1|
    |and_ln172_15_fu_3799_p2     |       and|   0|  0|   2|           1|           1|
    |and_ln172_1_fu_2643_p2      |       and|   0|  0|   2|           1|           1|
    |and_ln172_2_fu_2735_p2      |       and|   0|  0|   2|           1|           1|
    |and_ln172_3_fu_2820_p2      |       and|   0|  0|   2|           1|           1|
    |and_ln172_4_fu_2912_p2      |       and|   0|  0|   2|           1|           1|
    |and_ln172_5_fu_2997_p2      |       and|   0|  0|   2|           1|           1|
    |and_ln172_6_fu_3089_p2      |       and|   0|  0|   2|           1|           1|
    |and_ln172_7_fu_3170_p2      |       and|   0|  0|   2|           1|           1|
    |and_ln172_8_fu_3262_p2      |       and|   0|  0|   2|           1|           1|
    |and_ln172_9_fu_3347_p2      |       and|   0|  0|   2|           1|           1|
    |and_ln172_fu_2558_p2        |       and|   0|  0|   2|           1|           1|
    |icmp_ln168_10_fu_3392_p2    |      icmp|   0|  0|  13|          16|          16|
    |icmp_ln168_11_fu_3467_p2    |      icmp|   0|  0|  13|          16|          16|
    |icmp_ln168_12_fu_3542_p2    |      icmp|   0|  0|  13|          16|          16|
    |icmp_ln168_13_fu_3617_p2    |      icmp|   0|  0|  13|          16|          16|
    |icmp_ln168_14_fu_3692_p2    |      icmp|   0|  0|  13|          16|          16|
    |icmp_ln168_15_fu_3763_p2    |      icmp|   0|  0|  13|          16|          16|
    |icmp_ln168_1_fu_2605_p2     |      icmp|   0|  0|  13|          16|          16|
    |icmp_ln168_2_fu_2694_p2     |      icmp|   0|  0|  13|          16|          16|
    |icmp_ln168_3_fu_2782_p2     |      icmp|   0|  0|  13|          16|          16|
    |icmp_ln168_4_fu_2871_p2     |      icmp|   0|  0|  13|          16|          16|
    |icmp_ln168_5_fu_2959_p2     |      icmp|   0|  0|  13|          16|          16|
    |icmp_ln168_6_fu_3048_p2     |      icmp|   0|  0|  13|          16|          16|
    |icmp_ln168_7_fu_3136_p2     |      icmp|   0|  0|  13|          16|          16|
    |icmp_ln168_8_fu_3225_p2     |      icmp|   0|  0|  13|          16|          16|
    |icmp_ln168_9_fu_3313_p2     |      icmp|   0|  0|  13|          16|          16|
    |icmp_ln168_fu_2522_p2       |      icmp|   0|  0|  12|          15|           1|
    |icmp_ln169_10_fu_3396_p2    |      icmp|   0|  0|  13|          16|          16|
    |icmp_ln169_11_fu_3471_p2    |      icmp|   0|  0|  13|          16|          16|
    |icmp_ln169_12_fu_3546_p2    |      icmp|   0|  0|  13|          16|          16|
    |icmp_ln169_13_fu_3621_p2    |      icmp|   0|  0|  13|          16|          16|
    |icmp_ln169_14_fu_3696_p2    |      icmp|   0|  0|  13|          16|          16|
    |icmp_ln169_15_fu_3767_p2    |      icmp|   0|  0|  13|          16|          16|
    |icmp_ln169_1_fu_2610_p2     |      icmp|   0|  0|  13|          16|          16|
    |icmp_ln169_2_fu_2699_p2     |      icmp|   0|  0|  13|          16|          16|
    |icmp_ln169_3_fu_2787_p2     |      icmp|   0|  0|  13|          16|          16|
    |icmp_ln169_4_fu_2876_p2     |      icmp|   0|  0|  13|          16|          16|
    |icmp_ln169_5_fu_2964_p2     |      icmp|   0|  0|  13|          16|          16|
    |icmp_ln169_6_fu_3053_p2     |      icmp|   0|  0|  13|          16|          16|
    |icmp_ln169_7_fu_3141_p2     |      icmp|   0|  0|  13|          16|          16|
    |icmp_ln169_8_fu_3230_p2     |      icmp|   0|  0|  13|          16|          16|
    |icmp_ln169_9_fu_3318_p2     |      icmp|   0|  0|  13|          16|          16|
    |icmp_ln169_fu_2528_p2       |      icmp|   0|  0|  13|          16|           2|
    |icmp_ln194_fu_3815_p2       |      icmp|   0|  0|   9|           5|           1|
    |icmp_ln195_fu_3827_p2       |      icmp|   0|  0|   9|           5|           5|
    |icmp_ln878_10_fu_3414_p2    |      icmp|   0|  0|  11|          11|          11|
    |icmp_ln878_11_fu_3489_p2    |      icmp|   0|  0|  11|          11|          11|
    |icmp_ln878_12_fu_3564_p2    |      icmp|   0|  0|  11|          11|          11|
    |icmp_ln878_13_fu_3639_p2    |      icmp|   0|  0|  11|          11|          11|
    |icmp_ln878_14_fu_3714_p2    |      icmp|   0|  0|  11|          11|          11|
    |icmp_ln878_15_fu_3789_p2    |      icmp|   0|  0|  11|          11|          11|
    |icmp_ln878_16_fu_2553_p2    |      icmp|   0|  0|  11|          11|          11|
    |icmp_ln878_17_fu_2564_p2    |      icmp|   0|  0|  11|          11|          11|
    |icmp_ln878_18_fu_2638_p2    |      icmp|   0|  0|  11|          11|          11|
    |icmp_ln878_19_fu_2649_p2    |      icmp|   0|  0|  11|          11|          11|
    |icmp_ln878_1_fu_2633_p2     |      icmp|   0|  0|  11|          11|          11|
    |icmp_ln878_20_fu_2730_p2    |      icmp|   0|  0|  11|          11|          11|
    |icmp_ln878_21_fu_2741_p2    |      icmp|   0|  0|  11|          11|          11|
    |icmp_ln878_22_fu_2815_p2    |      icmp|   0|  0|  11|          11|          11|
    |icmp_ln878_23_fu_2826_p2    |      icmp|   0|  0|  11|          11|          11|
    |icmp_ln878_24_fu_2902_p2    |      icmp|   0|  0|  11|          11|          11|
    |icmp_ln878_25_fu_2907_p2    |      icmp|   0|  0|  11|          11|          11|
    |icmp_ln878_26_fu_2918_p2    |      icmp|   0|  0|  11|          11|          11|
    |icmp_ln878_27_fu_2987_p2    |      icmp|   0|  0|  11|          11|          11|
    |icmp_ln878_28_fu_2992_p2    |      icmp|   0|  0|  11|          11|          11|
    |icmp_ln878_29_fu_3003_p2    |      icmp|   0|  0|  11|          11|          11|
    |icmp_ln878_2_fu_2725_p2     |      icmp|   0|  0|  11|          11|          11|
    |icmp_ln878_30_fu_3084_p2    |      icmp|   0|  0|  11|          11|          11|
    |icmp_ln878_31_fu_3095_p2    |      icmp|   0|  0|  11|          11|          11|
    |icmp_ln878_32_fu_3165_p2    |      icmp|   0|  0|  11|          11|          11|
    |icmp_ln878_33_fu_3176_p2    |      icmp|   0|  0|  11|          11|          11|
    |icmp_ln878_34_fu_3257_p2    |      icmp|   0|  0|  11|          11|          11|
    |icmp_ln878_35_fu_3268_p2    |      icmp|   0|  0|  11|          11|          11|
    |icmp_ln878_36_fu_3342_p2    |      icmp|   0|  0|  11|          11|          11|
    |icmp_ln878_37_fu_3353_p2    |      icmp|   0|  0|  11|          11|          11|
    |icmp_ln878_38_fu_3419_p2    |      icmp|   0|  0|  11|          11|          11|
    |icmp_ln878_39_fu_3430_p2    |      icmp|   0|  0|  11|          11|          11|
    |icmp_ln878_3_fu_2810_p2     |      icmp|   0|  0|  11|          11|          11|
    |icmp_ln878_40_fu_3494_p2    |      icmp|   0|  0|  11|          11|          11|
    |icmp_ln878_41_fu_3505_p2    |      icmp|   0|  0|  11|          11|          11|
    |icmp_ln878_42_fu_3569_p2    |      icmp|   0|  0|  11|          11|          11|
    |icmp_ln878_43_fu_3580_p2    |      icmp|   0|  0|  11|          11|          11|
    |icmp_ln878_44_fu_3644_p2    |      icmp|   0|  0|  11|          11|          11|
    |icmp_ln878_45_fu_3655_p2    |      icmp|   0|  0|  11|          11|          11|
    |icmp_ln878_46_fu_3719_p2    |      icmp|   0|  0|  11|          11|          11|
    |icmp_ln878_47_fu_3730_p2    |      icmp|   0|  0|  11|          11|          11|
    |icmp_ln878_48_fu_3794_p2    |      icmp|   0|  0|  11|          11|          11|
    |icmp_ln878_49_fu_3805_p2    |      icmp|   0|  0|  11|          11|          11|
    |icmp_ln878_6_fu_3079_p2     |      icmp|   0|  0|  11|          11|          11|
    |icmp_ln878_7_fu_3160_p2     |      icmp|   0|  0|  11|          11|          11|
    |icmp_ln878_8_fu_3252_p2     |      icmp|   0|  0|  11|          11|          11|
    |icmp_ln878_9_fu_3337_p2     |      icmp|   0|  0|  11|          11|          11|
    |icmp_ln878_fu_2548_p2       |      icmp|   0|  0|  11|          11|          11|
    |or_ln163_10_fu_3446_p2      |        or|   0|  0|  16|          16|           1|
    |or_ln163_11_fu_3521_p2      |        or|   0|  0|  16|          16|           1|
    |or_ln163_12_fu_3596_p2      |        or|   0|  0|  16|          16|           1|
    |or_ln163_13_fu_3671_p2      |        or|   0|  0|  16|          16|           1|
    |or_ln163_14_fu_3746_p2      |        or|   0|  0|  16|          16|           1|
    |or_ln163_1_fu_2663_p2       |        or|   0|  0|   4|           4|           1|
    |or_ln163_2_fu_2755_p2       |        or|   0|  0|   6|           6|           1|
    |or_ln163_3_fu_2840_p2       |        or|   0|  0|   7|           7|           1|
    |or_ln163_4_fu_2932_p2       |        or|   0|  0|   9|           9|           1|
    |or_ln163_5_fu_3017_p2       |        or|   0|  0|  10|          10|           1|
    |or_ln163_6_fu_3109_p2       |        or|   0|  0|  12|          12|           1|
    |or_ln163_7_fu_3194_p2       |        or|   0|  0|  13|          13|           1|
    |or_ln163_8_fu_3286_p2       |        or|   0|  0|  15|          15|           1|
    |or_ln163_9_fu_3371_p2       |        or|   0|  0|  16|          16|           1|
    |or_ln163_fu_2578_p2         |        or|   0|  0|   3|           3|           1|
    |select_ln168_10_fu_3400_p3  |    select|   0|  0|  11|           1|          11|
    |select_ln168_11_fu_3475_p3  |    select|   0|  0|  11|           1|          11|
    |select_ln168_12_fu_3550_p3  |    select|   0|  0|  11|           1|          11|
    |select_ln168_13_fu_3625_p3  |    select|   0|  0|  11|           1|          11|
    |select_ln168_14_fu_3700_p3  |    select|   0|  0|  11|           1|          11|
    |select_ln168_15_fu_3775_p3  |    select|   0|  0|  11|           1|          11|
    |select_ln168_1_fu_2619_p3   |    select|   0|  0|  11|           1|          11|
    |select_ln168_2_fu_2711_p3   |    select|   0|  0|  11|           1|          11|
    |select_ln168_3_fu_2796_p3   |    select|   0|  0|  11|           1|          11|
    |select_ln168_4_fu_2888_p3   |    select|   0|  0|  11|           1|          11|
    |select_ln168_5_fu_2973_p3   |    select|   0|  0|  11|           1|          11|
    |select_ln168_6_fu_3065_p3   |    select|   0|  0|  11|           1|          11|
    |select_ln168_7_fu_3146_p3   |    select|   0|  0|  11|           1|          11|
    |select_ln168_8_fu_3238_p3   |    select|   0|  0|  11|           1|          11|
    |select_ln168_9_fu_3323_p3   |    select|   0|  0|  11|           1|          11|
    |select_ln168_fu_2534_p3     |    select|   0|  0|  11|           1|          11|
    |select_ln169_10_fu_3407_p3  |    select|   0|  0|  11|           1|          11|
    |select_ln169_11_fu_3482_p3  |    select|   0|  0|  11|           1|          11|
    |select_ln169_12_fu_3557_p3  |    select|   0|  0|  11|           1|          11|
    |select_ln169_13_fu_3632_p3  |    select|   0|  0|  11|           1|          11|
    |select_ln169_14_fu_3707_p3  |    select|   0|  0|  11|           1|          11|
    |select_ln169_15_fu_3782_p3  |    select|   0|  0|  11|           1|          11|
    |select_ln169_1_fu_2626_p3   |    select|   0|  0|  11|           1|          11|
    |select_ln169_2_fu_2718_p3   |    select|   0|  0|  11|           1|          11|
    |select_ln169_3_fu_2803_p3   |    select|   0|  0|  11|           1|          11|
    |select_ln169_4_fu_2895_p3   |    select|   0|  0|  11|           1|          11|
    |select_ln169_5_fu_2980_p3   |    select|   0|  0|  11|           1|          11|
    |select_ln169_6_fu_3072_p3   |    select|   0|  0|  11|           1|          11|
    |select_ln169_7_fu_3153_p3   |    select|   0|  0|  11|           1|          11|
    |select_ln169_8_fu_3245_p3   |    select|   0|  0|  11|           1|          11|
    |select_ln169_9_fu_3330_p3   |    select|   0|  0|  11|           1|          11|
    |select_ln169_fu_2541_p3     |    select|   0|  0|  11|           1|          11|
    +----------------------------+----------+----+---+----+------------+------------+
    |Total                       |          |   0|  0|1799|        1456|        1431|
    +----------------------------+----------+----+---+----+------------+------------+

    * Multiplexer: 
    +----------------------------------------------+-----+-----------+-----+-----------+
    |                     Name                     | LUT | Input Size| Bits| Total Bits|
    +----------------------------------------------+-----+-----------+-----+-----------+
    |ap_NS_fsm                                     |  345|         73|    1|         73|
    |ap_phi_mux_current_1_0_phi_fu_2021_p4         |   14|          3|    2|          6|
    |ap_phi_mux_current_1_10_in_in_phi_fu_2221_p4  |   14|          3|   16|         48|
    |ap_phi_mux_current_1_11_in_in_phi_fu_2240_p4  |   14|          3|   16|         48|
    |ap_phi_mux_current_1_12_in_in_phi_fu_2259_p4  |   14|          3|   16|         48|
    |ap_phi_mux_current_1_13_in_in_phi_fu_2278_p4  |   14|          3|   16|         48|
    |ap_phi_mux_current_1_14_in_in_phi_fu_2297_p4  |   14|          3|   16|         48|
    |ap_phi_mux_current_1_15_in_in_phi_fu_2328_p4  |   14|          3|   16|         48|
    |ap_phi_mux_current_1_1_phi_fu_2043_p4         |   14|          3|    3|          9|
    |ap_phi_mux_current_1_2_phi_fu_2063_p4         |   14|          3|    5|         15|
    |ap_phi_mux_current_1_3_phi_fu_2083_p4         |   14|          3|    6|         18|
    |ap_phi_mux_current_1_4_phi_fu_2103_p4         |   14|          3|    8|         24|
    |ap_phi_mux_current_1_5_phi_fu_2123_p4         |   14|          3|    9|         27|
    |ap_phi_mux_current_1_6_phi_fu_2144_p4         |   14|          3|   11|         33|
    |ap_phi_mux_current_1_7_phi_fu_2164_p4         |   14|          3|   12|         36|
    |ap_phi_mux_current_1_8_phi_fu_2183_p4         |   14|          3|   14|         42|
    |ap_phi_mux_current_1_9_phi_fu_2202_p4         |   14|          3|   15|         45|
    |current7_reg_2334                             |   81|         17|   11|        187|
    |current_1_0_reg_2018                          |    9|          2|    2|          4|
    |current_1_1_reg_2040                          |    9|          2|    3|          6|
    |current_1_2_reg_2060                          |    9|          2|    5|         10|
    |current_1_3_reg_2080                          |    9|          2|    6|         12|
    |current_1_4_reg_2100                          |    9|          2|    8|         16|
    |current_1_5_reg_2120                          |    9|          2|    9|         18|
    |current_1_6_reg_2140                          |    9|          2|   11|         22|
    |i_reg_2451                                    |    9|          2|    5|         10|
    |move_count_0299_reg_2377                      |   81|         17|    5|         85|
    |moves_node_f_score_V_address0                 |   87|         18|    4|         72|
    |moves_node_f_score_V_address1                 |   81|         17|    4|         68|
    |moves_node_f_score_V_d0                       |   20|          4|   11|         44|
    |moves_node_f_score_V_d1                       |   20|          4|   11|         44|
    |moves_node_g_score_V_address0                 |   87|         18|    4|         72|
    |moves_node_g_score_V_address1                 |   81|         17|    4|         68|
    |moves_node_g_score_V_d0                       |   14|          3|   11|         33|
    |moves_node_g_score_V_d1                       |   14|          3|   11|         33|
    |moves_node_x_V_address0                       |   87|         18|    4|         72|
    |moves_node_x_V_address1                       |   81|         17|    4|         68|
    |moves_node_x_V_d0                             |   14|          3|    9|         27|
    |moves_node_x_V_d1                             |   14|          3|    9|         27|
    |moves_node_y_V_address0                       |   87|         18|    4|         72|
    |moves_node_y_V_address1                       |   81|         17|    4|         68|
    |moves_node_y_V_d0                             |   53|         10|    9|         90|
    |moves_node_y_V_d1                             |   53|         10|    9|         90|
    |moves_target_address0                         |   87|         18|    4|         72|
    |moves_target_address1                         |   81|         17|    4|         68|
    |moves_target_d0                               |   48|          9|   11|         99|
    |moves_target_d1                               |   53|         10|   11|        110|
    |open_set_heap_f_score_V_address0              |  159|         36|   11|        396|
    |open_set_heap_f_score_V_d0                    |   14|          3|   11|         33|
    |open_set_heap_g_score_V_address0              |  159|         36|   11|        396|
    |open_set_heap_g_score_V_d0                    |   14|          3|   11|         33|
    |open_set_heap_x_V_address0                    |  159|         36|   11|        396|
    |open_set_heap_x_V_d0                          |   14|          3|    9|         27|
    |open_set_heap_y_V_address0                    |  159|         36|   11|        396|
    |open_set_heap_y_V_d0                          |   14|          3|    9|         27|
    +----------------------------------------------+-----+-----------+-----+-----------+
    |Total                                         | 2638|        561|  473|       3987|
    +----------------------------------------------+-----+-----------+-----+-----------+

    * Register: 
    +--------------------------+----+----+-----+-----------+
    |           Name           | FF | LUT| Bits| Const Bits|
    +--------------------------+----+----+-----+-----------+
    |add_ln164_10_reg_5309     |  15|   0|   16|          1|
    |add_ln164_11_reg_5403     |  15|   0|   16|          1|
    |add_ln164_12_reg_5497     |  15|   0|   16|          1|
    |add_ln164_13_reg_5591     |  15|   0|   16|          1|
    |add_ln164_14_reg_5668     |  15|   0|   16|          1|
    |add_ln164_1_reg_4447      |   4|   0|    5|          1|
    |add_ln164_2_reg_4529      |   5|   0|    6|          1|
    |add_ln164_3_reg_4636      |   7|   0|    8|          1|
    |add_ln164_4_reg_4735      |   8|   0|    9|          1|
    |add_ln164_5_reg_4829      |  10|   0|   11|          1|
    |add_ln164_6_reg_4928      |  11|   0|   12|          1|
    |add_ln164_7_reg_5022      |  13|   0|   14|          1|
    |add_ln164_8_reg_5121      |  14|   0|   15|          1|
    |add_ln164_9_reg_5215      |  15|   0|   16|          1|
    |add_ln164_reg_4353        |   2|   0|    3|          1|
    |ap_CS_fsm                 |  72|   0|   72|          0|
    |current7_reg_2334         |  11|   0|   11|          0|
    |current_1_0_reg_2018      |   2|   0|    2|          0|
    |current_1_1_reg_2040      |   3|   0|    3|          0|
    |current_1_2_reg_2060      |   5|   0|    5|          0|
    |current_1_3_reg_2080      |   6|   0|    6|          0|
    |current_1_4_reg_2100      |   8|   0|    8|          0|
    |current_1_5_reg_2120      |   9|   0|    9|          0|
    |current_1_6_reg_2140      |  11|   0|   11|          0|
    |i_17_reg_5755             |   5|   0|    5|          0|
    |i_reg_2451                |   5|   0|    5|          0|
    |icmp_ln168_10_reg_5233    |   1|   0|    1|          0|
    |icmp_ln168_11_reg_5327    |   1|   0|    1|          0|
    |icmp_ln168_12_reg_5421    |   1|   0|    1|          0|
    |icmp_ln168_13_reg_5515    |   1|   0|    1|          0|
    |icmp_ln168_14_reg_5609    |   1|   0|    1|          0|
    |icmp_ln168_15_reg_5687    |   1|   0|    1|          0|
    |icmp_ln168_1_reg_4371     |   1|   0|    1|          0|
    |icmp_ln168_2_reg_4465     |   1|   0|    1|          0|
    |icmp_ln168_3_reg_4560     |   1|   0|    1|          0|
    |icmp_ln168_4_reg_4654     |   1|   0|    1|          0|
    |icmp_ln168_5_reg_4753     |   1|   0|    1|          0|
    |icmp_ln168_6_reg_4847     |   1|   0|    1|          0|
    |icmp_ln168_7_reg_4946     |   1|   0|    1|          0|
    |icmp_ln168_8_reg_5040     |   1|   0|    1|          0|
    |icmp_ln168_9_reg_5139     |   1|   0|    1|          0|
    |icmp_ln168_reg_4248       |   1|   0|    1|          0|
    |icmp_ln169_10_reg_5238    |   1|   0|    1|          0|
    |icmp_ln169_11_reg_5332    |   1|   0|    1|          0|
    |icmp_ln169_12_reg_5426    |   1|   0|    1|          0|
    |icmp_ln169_13_reg_5520    |   1|   0|    1|          0|
    |icmp_ln169_14_reg_5614    |   1|   0|    1|          0|
    |icmp_ln169_15_reg_5692    |   1|   0|    1|          0|
    |icmp_ln169_1_reg_4376     |   1|   0|    1|          0|
    |icmp_ln169_2_reg_4470     |   1|   0|    1|          0|
    |icmp_ln169_3_reg_4565     |   1|   0|    1|          0|
    |icmp_ln169_4_reg_4659     |   1|   0|    1|          0|
    |icmp_ln169_5_reg_4758     |   1|   0|    1|          0|
    |icmp_ln169_6_reg_4852     |   1|   0|    1|          0|
    |icmp_ln169_7_reg_4951     |   1|   0|    1|          0|
    |icmp_ln169_8_reg_5045     |   1|   0|    1|          0|
    |icmp_ln169_9_reg_5144     |   1|   0|    1|          0|
    |icmp_ln169_reg_4253       |   1|   0|    1|          0|
    |icmp_ln194_reg_5751       |   1|   0|    1|          0|
    |icmp_ln878_17_reg_4326    |   1|   0|    1|          0|
    |icmp_ln878_19_reg_4390    |   1|   0|    1|          0|
    |icmp_ln878_21_reg_4489    |   1|   0|    1|          0|
    |icmp_ln878_23_reg_4579    |   1|   0|    1|          0|
    |icmp_ln878_26_reg_4678    |   1|   0|    1|          0|
    |icmp_ln878_29_reg_4772    |   1|   0|    1|          0|
    |icmp_ln878_31_reg_4871    |   1|   0|    1|          0|
    |icmp_ln878_33_reg_4959    |   1|   0|    1|          0|
    |icmp_ln878_35_reg_5058    |   1|   0|    1|          0|
    |icmp_ln878_37_reg_5152    |   1|   0|    1|          0|
    |icmp_ln878_39_reg_5246    |   1|   0|    1|          0|
    |icmp_ln878_41_reg_5340    |   1|   0|    1|          0|
    |icmp_ln878_43_reg_5434    |   1|   0|    1|          0|
    |icmp_ln878_45_reg_5528    |   1|   0|    1|          0|
    |icmp_ln878_47_reg_5622    |   1|   0|    1|          0|
    |icmp_ln878_49_reg_5712    |   1|   0|    1|          0|
    |move_count_0299_reg_2377  |   5|   0|    5|          0|
    |node_f_score_V_reg_4058   |  11|   0|   11|          0|
    |node_g_score_V_reg_4258   |  11|   0|   11|          0|
    |node_x_V_reg_4263         |   9|   0|    9|          0|
    |node_y_V_reg_4268         |   9|   0|    9|          0|
    |or_ln163_10_reg_5291      |  15|   0|   16|          1|
    |or_ln163_11_reg_5385      |  15|   0|   16|          1|
    |or_ln163_12_reg_5479      |  15|   0|   16|          1|
    |or_ln163_13_reg_5573      |  15|   0|   16|          1|
    |or_ln163_14_reg_5662      |  15|   0|   16|          1|
    |or_ln163_1_reg_4429       |   3|   0|    4|          1|
    |or_ln163_2_reg_4523       |   5|   0|    6|          1|
    |or_ln163_3_reg_4618       |   6|   0|    7|          1|
    |or_ln163_4_reg_4717       |   8|   0|    9|          1|
    |or_ln163_5_reg_4811       |   9|   0|   10|          1|
    |or_ln163_6_reg_4910       |  11|   0|   12|          1|
    |or_ln163_7_reg_5004       |  12|   0|   13|          1|
    |or_ln163_8_reg_5103       |  14|   0|   15|          1|
    |or_ln163_9_reg_5197       |  15|   0|   16|          1|
    |or_ln163_reg_4335         |   2|   0|    3|          1|
    |reg_2462                  |  11|   0|   11|          0|
    |reg_2468                  |  11|   0|   11|          0|
    |shl_ln163_10_reg_5380     |  15|   0|   16|          1|
    |shl_ln163_11_reg_5474     |  15|   0|   16|          1|
    |shl_ln163_12_reg_5568     |  15|   0|   16|          1|
    |shl_ln163_1_reg_4424      |   3|   0|    4|          1|
    |shl_ln163_3_reg_4613      |   6|   0|    7|          1|
    |shl_ln163_4_reg_4712      |   8|   0|    9|          1|
    |shl_ln163_5_reg_4806      |   9|   0|   10|          1|
    |shl_ln163_6_reg_4905      |  11|   0|   12|          1|
    |shl_ln163_7_reg_4999      |  12|   0|   13|          1|
    |shl_ln163_8_reg_5098      |  14|   0|   15|          1|
    |shl_ln163_9_reg_5192      |  15|   0|   16|          1|
    |shl_ln163_reg_5286        |  15|   0|   16|          1|
    |shl_ln_reg_4330           |   2|   0|    3|          1|
    |storemerge_0_reg_2030     |   9|   0|    9|          0|
    |storemerge_10_reg_2227    |   9|   0|    9|          0|
    |storemerge_11_reg_2246    |   9|   0|    9|          0|
    |storemerge_12_reg_2265    |   9|   0|    9|          0|
    |storemerge_13_reg_2284    |   9|   0|    9|          0|
    |storemerge_14_reg_2303    |   9|   0|    9|          0|
    |storemerge_1_reg_2050     |   9|   0|    9|          0|
    |storemerge_2_reg_2070     |   9|   0|    9|          0|
    |storemerge_3_reg_2090     |   9|   0|    9|          0|
    |storemerge_4_reg_2110     |   9|   0|    9|          0|
    |storemerge_5_reg_2130     |   9|   0|    9|          0|
    |storemerge_6_reg_2151     |   9|   0|    9|          0|
    |storemerge_7_reg_2170     |   9|   0|    9|          0|
    |storemerge_8_reg_2189     |   9|   0|    9|          0|
    |storemerge_9_reg_2208     |   9|   0|    9|          0|
    |trunc_ln139_1_reg_5092    |  11|   0|   11|          0|
    |trunc_ln139_2_reg_5186    |  11|   0|   11|          0|
    |trunc_ln139_3_reg_5280    |  11|   0|   11|          0|
    |trunc_ln139_4_reg_5374    |  11|   0|   11|          0|
    |trunc_ln139_5_reg_5468    |  11|   0|   11|          0|
    |trunc_ln139_6_reg_5562    |  11|   0|   11|          0|
    |trunc_ln139_7_reg_5656    |  11|   0|   11|          0|
    |trunc_ln139_reg_4993      |  11|   0|   11|          0|
    |zext_ln139_1_reg_4475     |   3|   0|   11|          8|
    |zext_ln139_2_reg_4570     |   5|   0|   11|          6|
    |zext_ln139_3_reg_4664     |   6|   0|   11|          5|
    |zext_ln139_4_reg_4763     |   8|   0|   11|          3|
    |zext_ln139_5_reg_4857     |   9|   0|   11|          2|
    |zext_ln139_reg_4381       |   2|   0|   11|          9|
    |zext_ln164_11_reg_5050    |  12|   0|   14|          2|
    |zext_ln164_2_reg_4481     |   3|   0|    5|          2|
    |zext_ln164_5_reg_4670     |   6|   0|    8|          2|
    |zext_ln164_8_reg_4863     |   9|   0|   11|          2|
    |zext_ln168_10_reg_5297    |  15|   0|   64|         49|
    |zext_ln168_11_reg_5391    |  15|   0|   64|         49|
    |zext_ln168_12_reg_5485    |  15|   0|   64|         49|
    |zext_ln168_13_reg_5579    |  15|   0|   64|         49|
    |zext_ln168_14_reg_5675    |  15|   0|   64|         49|
    |zext_ln168_1_reg_4435     |   3|   0|   64|         61|
    |zext_ln168_2_reg_4536     |   5|   0|   64|         59|
    |zext_ln168_3_reg_4624     |   6|   0|   64|         58|
    |zext_ln168_4_reg_4723     |   8|   0|   64|         56|
    |zext_ln168_5_reg_4817     |   9|   0|   64|         55|
    |zext_ln168_6_reg_4916     |  11|   0|   64|         53|
    |zext_ln168_7_reg_5010     |  12|   0|   64|         52|
    |zext_ln168_8_reg_5109     |  14|   0|   64|         50|
    |zext_ln168_9_reg_5203     |  15|   0|   64|         49|
    |zext_ln168_reg_4341       |   2|   0|   64|         62|
    |zext_ln169_10_reg_5315    |  15|   0|   64|         49|
    |zext_ln169_11_reg_5409    |  15|   0|   64|         49|
    |zext_ln169_12_reg_5503    |  15|   0|   64|         49|
    |zext_ln169_13_reg_5597    |  15|   0|   64|         49|
    |zext_ln169_14_reg_5697    |  15|   0|   64|         49|
    |zext_ln169_1_reg_4453     |   4|   0|   64|         60|
    |zext_ln169_2_reg_4548     |   5|   0|   64|         59|
    |zext_ln169_3_reg_4642     |   7|   0|   64|         57|
    |zext_ln169_4_reg_4741     |   8|   0|   64|         56|
    |zext_ln169_5_reg_4835     |  10|   0|   64|         54|
    |zext_ln169_6_reg_4934     |  11|   0|   64|         53|
    |zext_ln169_7_reg_5028     |  13|   0|   64|         51|
    |zext_ln169_8_reg_5127     |  14|   0|   64|         50|
    |zext_ln169_9_reg_5221     |  15|   0|   64|         49|
    |zext_ln169_reg_4359       |   2|   0|   64|         62|
    +--------------------------+----+----+-----+-----------+
    |Total                     |1327|   0| 3007|       1680|
    +--------------------------+----+----+-----+-----------+



================================================================
== Interface
================================================================
* Summary: 
+----------------------------------+-----+-----+------------+-------------------------+--------------+
|             RTL Ports            | Dir | Bits|  Protocol  |      Source Object      |    C Type    |
+----------------------------------+-----+-----+------------+-------------------------+--------------+
|ap_clk                            |   in|    1|  ap_ctrl_hs|             os_sift_down|  return value|
|ap_rst                            |   in|    1|  ap_ctrl_hs|             os_sift_down|  return value|
|ap_start                          |   in|    1|  ap_ctrl_hs|             os_sift_down|  return value|
|ap_done                           |  out|    1|  ap_ctrl_hs|             os_sift_down|  return value|
|ap_idle                           |  out|    1|  ap_ctrl_hs|             os_sift_down|  return value|
|ap_ready                          |  out|    1|  ap_ctrl_hs|             os_sift_down|  return value|
|open_set_size                     |   in|   16|     ap_none|            open_set_size|       pointer|
|open_set_heap_f_score_V_address0  |  out|   11|   ap_memory|  open_set_heap_f_score_V|         array|
|open_set_heap_f_score_V_ce0       |  out|    1|   ap_memory|  open_set_heap_f_score_V|         array|
|open_set_heap_f_score_V_we0       |  out|    1|   ap_memory|  open_set_heap_f_score_V|         array|
|open_set_heap_f_score_V_d0        |  out|   11|   ap_memory|  open_set_heap_f_score_V|         array|
|open_set_heap_f_score_V_q0        |   in|   11|   ap_memory|  open_set_heap_f_score_V|         array|
|open_set_heap_g_score_V_address0  |  out|   11|   ap_memory|  open_set_heap_g_score_V|         array|
|open_set_heap_g_score_V_ce0       |  out|    1|   ap_memory|  open_set_heap_g_score_V|         array|
|open_set_heap_g_score_V_we0       |  out|    1|   ap_memory|  open_set_heap_g_score_V|         array|
|open_set_heap_g_score_V_d0        |  out|   11|   ap_memory|  open_set_heap_g_score_V|         array|
|open_set_heap_g_score_V_q0        |   in|   11|   ap_memory|  open_set_heap_g_score_V|         array|
|open_set_heap_x_V_address0        |  out|   11|   ap_memory|        open_set_heap_x_V|         array|
|open_set_heap_x_V_ce0             |  out|    1|   ap_memory|        open_set_heap_x_V|         array|
|open_set_heap_x_V_we0             |  out|    1|   ap_memory|        open_set_heap_x_V|         array|
|open_set_heap_x_V_d0              |  out|    9|   ap_memory|        open_set_heap_x_V|         array|
|open_set_heap_x_V_q0              |   in|    9|   ap_memory|        open_set_heap_x_V|         array|
|open_set_heap_y_V_address0        |  out|   11|   ap_memory|        open_set_heap_y_V|         array|
|open_set_heap_y_V_ce0             |  out|    1|   ap_memory|        open_set_heap_y_V|         array|
|open_set_heap_y_V_we0             |  out|    1|   ap_memory|        open_set_heap_y_V|         array|
|open_set_heap_y_V_d0              |  out|    9|   ap_memory|        open_set_heap_y_V|         array|
|open_set_heap_y_V_q0              |   in|    9|   ap_memory|        open_set_heap_y_V|         array|
+----------------------------------+-----+-----+------------+-------------------------+--------------+

